Archive member included to satisfy reference by file (symbol)

/Applications/STM32CubeIDE.app/Contents/Eclipse/plugins/com.st.stm32cube.ide.mcu.externaltools.gnu-tools-for-stm32.13.3.rel1.macos64_1.0.0.202411102158/tools/bin/../lib/gcc/arm-none-eabi/13.3.1/../../../../arm-none-eabi/lib/thumb/v7-m/nofp/libc_nano.a(libc_a-atoi.o)
                              ./Core/Src/websrv_help_functions.o (atoi)
/Applications/STM32CubeIDE.app/Contents/Eclipse/plugins/com.st.stm32cube.ide.mcu.externaltools.gnu-tools-for-stm32.13.3.rel1.macos64_1.0.0.202411102158/tools/bin/../lib/gcc/arm-none-eabi/13.3.1/../../../../arm-none-eabi/lib/thumb/v7-m/nofp/libc_nano.a(libc_a-atol.o)
                              ./Core/Src/controller.o (atol)
/Applications/STM32CubeIDE.app/Contents/Eclipse/plugins/com.st.stm32cube.ide.mcu.externaltools.gnu-tools-for-stm32.13.3.rel1.macos64_1.0.0.202411102158/tools/bin/../lib/gcc/arm-none-eabi/13.3.1/../../../../arm-none-eabi/lib/thumb/v7-m/nofp/libc_nano.a(libc_a-exit.o)
                              /Applications/STM32CubeIDE.app/Contents/Eclipse/plugins/com.st.stm32cube.ide.mcu.externaltools.gnu-tools-for-stm32.13.3.rel1.macos64_1.0.0.202411102158/tools/bin/../lib/gcc/arm-none-eabi/13.3.1/../../../../arm-none-eabi/lib/thumb/v7-m/nofp/crt0.o (exit)
/Applications/STM32CubeIDE.app/Contents/Eclipse/plugins/com.st.stm32cube.ide.mcu.externaltools.gnu-tools-for-stm32.13.3.rel1.macos64_1.0.0.202411102158/tools/bin/../lib/gcc/arm-none-eabi/13.3.1/../../../../arm-none-eabi/lib/thumb/v7-m/nofp/libc_nano.a(libc_a-malloc.o)
                              ./Core/Src/L6474.o (malloc)
/Applications/STM32CubeIDE.app/Contents/Eclipse/plugins/com.st.stm32cube.ide.mcu.externaltools.gnu-tools-for-stm32.13.3.rel1.macos64_1.0.0.202411102158/tools/bin/../lib/gcc/arm-none-eabi/13.3.1/../../../../arm-none-eabi/lib/thumb/v7-m/nofp/libc_nano.a(libc_a-mallocr.o)
                              /Applications/STM32CubeIDE.app/Contents/Eclipse/plugins/com.st.stm32cube.ide.mcu.externaltools.gnu-tools-for-stm32.13.3.rel1.macos64_1.0.0.202411102158/tools/bin/../lib/gcc/arm-none-eabi/13.3.1/../../../../arm-none-eabi/lib/thumb/v7-m/nofp/libc_nano.a(libc_a-malloc.o) (_malloc_r)
/Applications/STM32CubeIDE.app/Contents/Eclipse/plugins/com.st.stm32cube.ide.mcu.externaltools.gnu-tools-for-stm32.13.3.rel1.macos64_1.0.0.202411102158/tools/bin/../lib/gcc/arm-none-eabi/13.3.1/../../../../arm-none-eabi/lib/thumb/v7-m/nofp/libc_nano.a(libc_a-setvbuf.o)
                              ./Core/Src/main.o (setvbuf)
/Applications/STM32CubeIDE.app/Contents/Eclipse/plugins/com.st.stm32cube.ide.mcu.externaltools.gnu-tools-for-stm32.13.3.rel1.macos64_1.0.0.202411102158/tools/bin/../lib/gcc/arm-none-eabi/13.3.1/../../../../arm-none-eabi/lib/thumb/v7-m/nofp/libc_nano.a(libc_a-mlock.o)
                              /Applications/STM32CubeIDE.app/Contents/Eclipse/plugins/com.st.stm32cube.ide.mcu.externaltools.gnu-tools-for-stm32.13.3.rel1.macos64_1.0.0.202411102158/tools/bin/../lib/gcc/arm-none-eabi/13.3.1/../../../../arm-none-eabi/lib/thumb/v7-m/nofp/libc_nano.a(libc_a-mallocr.o) (__malloc_lock)
/Applications/STM32CubeIDE.app/Contents/Eclipse/plugins/com.st.stm32cube.ide.mcu.externaltools.gnu-tools-for-stm32.13.3.rel1.macos64_1.0.0.202411102158/tools/bin/../lib/gcc/arm-none-eabi/13.3.1/../../../../arm-none-eabi/lib/thumb/v7-m/nofp/libc_nano.a(libc_a-sprintf.o)
                              ./Core/Src/controller.o (sprintf)
/Applications/STM32CubeIDE.app/Contents/Eclipse/plugins/com.st.stm32cube.ide.mcu.externaltools.gnu-tools-for-stm32.13.3.rel1.macos64_1.0.0.202411102158/tools/bin/../lib/gcc/arm-none-eabi/13.3.1/../../../../arm-none-eabi/lib/thumb/v7-m/nofp/libc_nano.a(libc_a-findfp.o)
                              /Applications/STM32CubeIDE.app/Contents/Eclipse/plugins/com.st.stm32cube.ide.mcu.externaltools.gnu-tools-for-stm32.13.3.rel1.macos64_1.0.0.202411102158/tools/bin/../lib/gcc/arm-none-eabi/13.3.1/../../../../arm-none-eabi/lib/thumb/v7-m/nofp/libc_nano.a(libc_a-exit.o) (__stdio_exit_handler)
/Applications/STM32CubeIDE.app/Contents/Eclipse/plugins/com.st.stm32cube.ide.mcu.externaltools.gnu-tools-for-stm32.13.3.rel1.macos64_1.0.0.202411102158/tools/bin/../lib/gcc/arm-none-eabi/13.3.1/../../../../arm-none-eabi/lib/thumb/v7-m/nofp/libc_nano.a(libc_a-fputs.o)
                              ./Core/Src/controller.o (fputs)
/Applications/STM32CubeIDE.app/Contents/Eclipse/plugins/com.st.stm32cube.ide.mcu.externaltools.gnu-tools-for-stm32.13.3.rel1.macos64_1.0.0.202411102158/tools/bin/../lib/gcc/arm-none-eabi/13.3.1/../../../../arm-none-eabi/lib/thumb/v7-m/nofp/libc_nano.a(libc_a-wbuf.o)
                              /Applications/STM32CubeIDE.app/Contents/Eclipse/plugins/com.st.stm32cube.ide.mcu.externaltools.gnu-tools-for-stm32.13.3.rel1.macos64_1.0.0.202411102158/tools/bin/../lib/gcc/arm-none-eabi/13.3.1/../../../../arm-none-eabi/lib/thumb/v7-m/nofp/libc_nano.a(libc_a-fputs.o) (__swbuf_r)
[...]
Memory Configuration

Name             Origin             Length             Attributes
RAM              0x20000000         0x00005000         xrw
FLASH            0x08000000         0x00020000         xr
*default*        0x00000000         0xffffffff

Linker script and memory map

LOAD /Applications/STM32CubeIDE.app/Contents/Eclipse/plugins/com.st.stm32cube.ide.mcu.externaltools.gnu-tools-for-stm32.13.3.rel1.macos64_1.0.0.202411102158/tools/bin/../lib/gcc/arm-none-eabi/13.3.1/thumb/v7-m/nofp/crti.o
LOAD /Applications/STM32CubeIDE.app/Contents/Eclipse/plugins/com.st.stm32cube.ide.mcu.externaltools.gnu-tools-for-stm32.13.3.rel1.macos64_1.0.0.202411102158/tools/bin/../lib/gcc/arm-none-eabi/13.3.1/thumb/v7-m/nofp/crtbegin.o
LOAD /Applications/STM32CubeIDE.app/Contents/Eclipse/plugins/com.st.stm32cube.ide.mcu.externaltools.gnu-tools-for-stm32.13.3.rel1.macos64_1.0.0.202411102158/tools/bin/../lib/gcc/arm-none-eabi/13.3.1/../../../../arm-none-eabi/lib/thumb/v7-m/nofp/crt0.o
LOAD ./Core/Src/EtherShield.o
LOAD ./Core/Src/L6474.o
LOAD ./Core/Src/controller.o
LOAD ./Core/Src/enc28j60.o
LOAD ./Core/Src/ip_arp_udp_tcp.o
LOAD ./Core/Src/ip_udp.o
LOAD ./Core/Src/main.o
LOAD ./Core/Src/pwm.o
LOAD ./Core/Src/stm32f1xx_hal_msp.o
LOAD ./Core/Src/stm32f1xx_it.o
LOAD ./Core/Src/syscalls.o
LOAD ./Core/Src/sysmem.o
LOAD ./Core/Src/system_stm32f1xx.o
LOAD ./Core/Src/websrv_help_functions.o
LOAD ./Core/Startup/startup_stm32f103rbtx.o
LOAD ./Drivers/STM32F1xx_HAL_Driver/Src/stm32f1xx_hal.o
LOAD ./Drivers/STM32F1xx_HAL_Driver/Src/stm32f1xx_hal_cortex.o
LOAD ./Drivers/STM32F1xx_HAL_Driver/Src/stm32f1xx_hal_dma.o
LOAD ./Drivers/STM32F1xx_HAL_Driver/Src/stm32f1xx_hal_exti.o
LOAD ./Drivers/STM32F1xx_HAL_Driver/Src/stm32f1xx_hal_flash.o
LOAD ./Drivers/STM32F1xx_HAL_Driver/Src/stm32f1xx_hal_flash_ex.o
LOAD ./Drivers/STM32F1xx_HAL_Driver/Src/stm32f1xx_hal_gpio.o
LOAD ./Drivers/STM32F1xx_HAL_Driver/Src/stm32f1xx_hal_gpio_ex.o
LOAD ./Drivers/STM32F1xx_HAL_Driver/Src/stm32f1xx_hal_pwr.o
LOAD ./Drivers/STM32F1xx_HAL_Driver/Src/stm32f1xx_hal_rcc.o
LOAD ./Drivers/STM32F1xx_HAL_Driver/Src/stm32f1xx_hal_rcc_ex.o
LOAD ./Drivers/STM32F1xx_HAL_Driver/Src/stm32f1xx_hal_spi.o
LOAD ./Drivers/STM32F1xx_HAL_Driver/Src/stm32f1xx_hal_tim.o
LOAD ./Drivers/STM32F1xx_HAL_Driver/Src/stm32f1xx_hal_tim_ex.o
LOAD ./Drivers/STM32F1xx_HAL_Driver/Src/stm32f1xx_hal_uart.o
START GROUP
LOAD /Applications/STM32CubeIDE.app/Contents/Eclipse/plugins/com.st.stm32cube.ide.mcu.externaltools.gnu-tools-for-stm32.13.3.rel1.macos64_1.0.0.202411102158/tools/bin/../lib/gcc/arm-none-eabi/13.3.1/../../../../arm-none-eabi/lib/thumb/v7-m/nofp/libc_nano.a
LOAD /Applications/STM32CubeIDE.app/Contents/Eclipse/plugins/com.st.stm32cube.ide.mcu.externaltools.gnu-tools-for-stm32.13.3.rel1.macos64_1.0.0.202411102158/tools/bin/../lib/gcc/arm-none-eabi/13.3.1/../../../../arm-none-eabi/lib/thumb/v7-m/nofp/libm.a
END GROUP
START GROUP
LOAD /Applications/STM32CubeIDE.app/Contents/Eclipse/plugins/com.st.stm32cube.ide.mcu.externaltools.gnu-tools-for-stm32.13.3.rel1.macos64_1.0.0.202411102158/tools/bin/../lib/gcc/arm-none-eabi/13.3.1/thumb/v7-m/nofp/libgcc.a
LOAD /Applications/STM32CubeIDE.app/Contents/Eclipse/plugins/com.st.stm32cube.ide.mcu.externaltools.gnu-tools-for-stm32.13.3.rel1.macos64_1.0.0.202411102158/tools/bin/../lib/gcc/arm-none-eabi/13.3.1/../../../../arm-none-eabi/lib/thumb/v7-m/nofp/libc_nano.a
END GROUP
START GROUP
LOAD /Applications/STM32CubeIDE.app/Contents/Eclipse/plugins/com.st.stm32cube.ide.mcu.externaltools.gnu-tools-for-stm32.13.3.rel1.macos64_1.0.0.202411102158/tools/bin/../lib/gcc/arm-none-eabi/13.3.1/thumb/v7-m/nofp/libgcc.a
LOAD /Applications/STM32CubeIDE.app/Contents/Eclipse/plugins/com.st.stm32cube.ide.mcu.externaltools.gnu-tools-for-stm32.13.3.rel1.macos64_1.0.0.202411102158/tools/bin/../lib/gcc/arm-none-eabi/13.3.1/../../../../arm-none-eabi/lib/thumb/v7-m/nofp/libc_nano.a
LOAD /Applications/STM32CubeIDE.app/Contents/Eclipse/plugins/com.st.stm32cube.ide.mcu.externaltools.gnu-tools-for-stm32.13.3.rel1.macos64_1.0.0.202411102158/tools/bin/../lib/gcc/arm-none-eabi/13.3.1/../../../../arm-none-eabi/lib/thumb/v7-m/nofp/libnosys.a
END GROUP
START GROUP
LOAD /Applications/STM32CubeIDE.app/Contents/Eclipse/plugins/com.st.stm32cube.ide.mcu.externaltools.gnu-tools-for-stm32.13.3.rel1.macos64_1.0.0.202411102158/tools/bin/../lib/gcc/arm-none-eabi/13.3.1/thumb/v7-m/nofp/libgcc.a
LOAD /Applications/STM32CubeIDE.app/Contents/Eclipse/plugins/com.st.stm32cube.ide.mcu.externaltools.gnu-tools-for-stm32.13.3.rel1.macos64_1.0.0.202411102158/tools/bin/../lib/gcc/arm-none-eabi/13.3.1/../../../../arm-none-eabi/lib/thumb/v7-m/nofp/libc_nano.a
LOAD /Applications/STM32CubeIDE.app/Contents/Eclipse/plugins/com.st.stm32cube.ide.mcu.externaltools.gnu-tools-for-stm32.13.3.rel1.macos64_1.0.0.202411102158/tools/bin/../lib/gcc/arm-none-eabi/13.3.1/../../../../arm-none-eabi/lib/thumb/v7-m/nofp/libnosys.a
END GROUP
LOAD /Applications/STM32CubeIDE.app/Contents/Eclipse/plugins/com.st.stm32cube.ide.mcu.externaltools.gnu-tools-for-stm32.13.3.rel1.macos64_1.0.0.202411102158/tools/bin/../lib/gcc/arm-none-eabi/13.3.1/thumb/v7-m/nofp/crtend.o
LOAD /Applications/STM32CubeIDE.app/Contents/Eclipse/plugins/com.st.stm32cube.ide.mcu.externaltools.gnu-tools-for-stm32.13.3.rel1.macos64_1.0.0.202411102158/tools/bin/../lib/gcc/arm-none-eabi/13.3.1/thumb/v7-m/nofp/crtn.o
                0x20005000                        _estack = (ORIGIN (RAM) + LENGTH (RAM))
                0x00000200                        _Min_Heap_Size = 0x200
                0x00000400                        _Min_Stack_Size = 0x400

.isr_vector     0x08000000      0x10c
                0x08000000                        . = ALIGN (0x4)
 *(.isr_vector)
 .isr_vector    0x08000000      0x10c ./Core/Startup/startup_stm32f103rbtx.o
                0x08000000                g_pfnVectors
                0x0800010c                        . = ALIGN (0x4)

.text           0x0800010c     0x8e30
                0x0800010c                        . = ALIGN (0x4)
 *(.text)
 .text          0x0800010c       0x40 /Applications/STM32CubeIDE.app/Contents/Eclipse/plugins/com.st.stm32cube.ide.mcu.externaltools.gnu-tools-for-stm32.13.3.rel1.macos64_1.0.0.202411102158/tools/bin/../lib/gcc/arm-none-eabi/13.3.1/thumb/v7-m/nofp/crtbegin.o
 .text          0x0800014c       0x10 /Applications/STM32CubeIDE.app/Contents/Eclipse/plugins/com.st.stm32cube.ide.mcu.externaltools.gnu-tools-for-stm32.13.3.rel1.macos64_1.0.0.202411102158/tools/bin/../lib/gcc/arm-none-eabi/13.3.1/../../../../arm-none-eabi/lib/thumb/v7-m/nofp/libc_nano.a(libc_a-strlen.o)
                0x0800014c                strlen
 .text          0x0800015c      0x378 /Applications/STM32CubeIDE.app/Contents/Eclipse/plugins/com.st.stm32cube.ide.mcu.externaltools.gnu-tools-for-stm32.13.3.rel1.macos64_1.0.0.202411102158/tools/bin/../lib/gcc/arm-none-eabi/13.3.1/thumb/v7-m/nofp/libgcc.a(_arm_addsubdf3.o)
                0x0800015c                __aeabi_drsub
                0x08000164                __subdf3
                0x08000164                __aeabi_dsub
                0x08000168                __aeabi_dadd
                0x08000168                __adddf3
                0x080003e0                __aeabi_ui2d
                0x080003e0                __floatunsidf
                0x08000400                __floatsidf
                0x08000400                __aeabi_i2d
                0x08000424                __extendsfdf2
                0x08000424                __aeabi_f2d
                0x08000468                __aeabi_ul2d
                0x08000468                __floatundidf
                0x08000478                __aeabi_l2d
                0x08000478                __floatdidf
 .text          0x080004d4       0xa0 /Applications/STM32CubeIDE.app/Contents/Eclipse/plugins/com.st.stm32cube.ide.mcu.externaltools.gnu-tools-for-stm32.13.3.rel1.macos64_1.0.0.202411102158/tools/bin/../lib/gcc/arm-none-eabi/13.3.1/thumb/v7-m/nofp/libgcc.a(_arm_truncdfsf2.o)
                0x080004d4                __aeabi_d2f
                0x080004d4                __truncdfsf2
 .text          0x08000574      0x21c /Applications/STM32CubeIDE.app/Contents/Eclipse/plugins/com.st.stm32cube.ide.mcu.externaltools.gnu-tools-for-stm32.13.3.rel1.macos64_1.0.0.202411102158/tools/bin/../lib/gcc/arm-none-eabi/13.3.1/thumb/v7-m/nofp/libgcc.a(_arm_addsubsf3.o)
                0x08000574                __aeabi_frsub
                0x0800057c                __aeabi_fsub
                0x0800057c                __subsf3
                0x08000580                __aeabi_fadd
                0x08000580                __addsf3
                0x080006e0                __aeabi_ui2f
                0x080006e0                __floatunsisf
                0x080006e8                __floatsisf
                0x080006e8                __aeabi_i2f
                0x08000704                __aeabi_ul2f
                0x08000704                __floatundisf
                0x08000714                __aeabi_l2f
                0x08000714                __floatdisf
 .text          0x08000790      0x2a0 /Applications/STM32CubeIDE.app/Contents/Eclipse/plugins/com.st.stm32cube.ide.mcu.externaltools.gnu-tools-for-stm32.13.3.rel1.macos64_1.0.0.202411102158/tools/bin/../lib/gcc/arm-none-eabi/13.3.1/thumb/v7-m/nofp/libgcc.a(_arm_muldivsf3.o)
                0x08000790                __mulsf3
                0x08000790                __aeabi_fmul
                0x080008f8                __divsf3
                0x080008f8                __aeabi_fdiv
 .text          0x08000a30       0xec /Applications/STM32CubeIDE.app/Contents/Eclipse/plugins/com.st.stm32cube.ide.mcu.externaltools.gnu-tools-for-stm32.13.3.rel1.macos64_1.0.0.202411102158/tools/bin/../lib/gcc/arm-none-eabi/13.3.1/thumb/v7-m/nofp/libgcc.a(_arm_cmpsf2.o)
                0x08000a30                __gesf2
                0x08000a30                __gtsf2
                0x08000a38                __ltsf2
                0x08000a38                __lesf2
                0x08000a40                __nesf2
                0x08000a40                __eqsf2
                0x08000a40                __cmpsf2
                0x08000aa0                __aeabi_cfrcmple
                0x08000aa8                __aeabi_cfcmpeq
                0x08000aa8                __aeabi_cfcmple
                0x08000ab8                __aeabi_fcmpeq
                0x08000acc                __aeabi_fcmplt
                0x08000ae0                __aeabi_fcmple
                0x08000af4                __aeabi_fcmpge
                0x08000b08                __aeabi_fcmpgt
 .text          0x08000b1c       0x4c /Applications/STM32CubeIDE.app/Contents/Eclipse/plugins/com.st.stm32cube.ide.mcu.externaltools.gnu-tools-for-stm32.13.3.rel1.macos64_1.0.0.202411102158/tools/bin/../lib/gcc/arm-none-eabi/13.3.1/thumb/v7-m/nofp/libgcc.a(_arm_fixsfsi.o)
                0x08000b1c                __fixsfsi
                0x08000b1c                __aeabi_f2iz
 .text          0x08000b68       0x40 /Applications/STM32CubeIDE.app/Contents/Eclipse/plugins/com.st.stm32cube.ide.mcu.externaltools.gnu-tools-for-stm32.13.3.rel1.macos64_1.0.0.202411102158/tools/bin/../lib/gcc/arm-none-eabi/13.3.1/thumb/v7-m/nofp/libgcc.a(_arm_fixunssfsi.o)
                0x08000b68                __aeabi_f2uiz
                0x08000b68                __fixunssfsi
 *(.text*)
 .text.ES_enc28j60SpiInit
                0x08000ba8       0x16 ./Core/Src/EtherShield.o
                0x08000ba8                ES_enc28j60SpiInit
 .text.ES_enc28j60Init
                0x08000bbe       0x68 ./Core/Src/EtherShield.o
                0x08000bbe                ES_enc28j60Init
 .text.ES_enc28j60Revision
                0x08000c26        0xe ./Core/Src/EtherShield.o
                0x08000c26                ES_enc28j60Revision
 .text.ES_enc28j60PacketReceive
                0x08000c34       0x20 ./Core/Src/EtherShield.o
                0x08000c34                ES_enc28j60PacketReceive
 .text.ES_init_ip_arp_udp_tcp
                0x08000c54       0x22 ./Core/Src/EtherShield.o
                0x08000c54                ES_init_ip_arp_udp_tcp
 .text.ES_readMacAddr
                0x08000c76       0x76 ./Core/Src/EtherShield.o
                0x08000c76                ES_readMacAddr
 .text.createL6474
                0x08000cec       0x78 ./Core/Src/L6474.o
                0x08000cec                createL6474
 .text.L6474_Init
                0x08000d64       0x50 ./Core/Src/L6474.o
                0x08000d64                L6474_Init
 .text.L6474_CmdGetStatus
                0x08000db4      0x118 ./Core/Src/L6474.o
                0x08000db4                L6474_CmdGetStatus
 .text.L6474_GetPosition
                0x08000ecc       0x24 ./Core/Src/L6474.o
                0x08000ecc                L6474_GetPosition
 .text.L6474_SetParameter
                0x08000ef0       0x5c ./Core/Src/L6474.o
                0x08000ef0                L6474_SetParameter
 .text.L6474_SetMaxSpeed
                0x08000f4c       0x60 ./Core/Src/L6474.o
                0x08000f4c                L6474_SetMaxSpeed
 .text.L6474_SetMinSpeed
                0x08000fac       0x60 ./Core/Src/L6474.o
                0x08000fac                L6474_SetMinSpeed
 .text.L6474_SetAcceleration
                0x0800100c       0x44 ./Core/Src/L6474.o
                0x0800100c                L6474_SetAcceleration
 .text.L6474_SetDeceleration
                0x08001050       0x44 ./Core/Src/L6474.o
                0x08001050                L6474_SetDeceleration
 .text.L6474_Move
                0x08001094       0x6c ./Core/Src/L6474.o
                0x08001094                L6474_Move
 .text.L6474_HardStop
                0x08001100       0x2e ./Core/Src/L6474.o
                0x08001100                L6474_HardStop
 .text.L6474_HardHiz
                0x0800112e       0x1c ./Core/Src/L6474.o
                0x0800112e                L6474_HardHiz
 .text.L6474_WaitWhileActive
                0x0800114a       0x20 ./Core/Src/L6474.o
                0x0800114a                L6474_WaitWhileActive
 .text.L6474_GetDeviceState
                0x0800116a       0x1a ./Core/Src/L6474.o
                0x0800116a                L6474_GetDeviceState
 .text.L6474_CmdEnable
                0x08001184       0x18 ./Core/Src/L6474.o
                0x08001184                L6474_CmdEnable
 .text.L6474_CmdDisable
                0x0800119c       0x18 ./Core/Src/L6474.o
                0x0800119c                L6474_CmdDisable
 .text.L6474_CmdGetParam
                0x080011b4      0x1f0 ./Core/Src/L6474.o
                0x080011b4                L6474_CmdGetParam
 .text.L6474_CmdSetParam
                0x080013a4      0x1cc ./Core/Src/L6474.o
                0x080013a4                L6474_CmdSetParam
 .text.L6474_SetDirection
                0x08001570       0x32 ./Core/Src/L6474.o
                0x08001570                L6474_SetDirection
 .text.L6474_ApplySpeed
                0x080015a2       0x40 ./Core/Src/L6474.o
                0x080015a2                L6474_ApplySpeed
 .text.L6474_ComputeSpeedProfile
                0x080015e2       0xe0 ./Core/Src/L6474.o
                0x080015e2                L6474_ComputeSpeedProfile
 .text.L6474_ErrorHandler
                0x080016c2       0x2c ./Core/Src/L6474.o
                0x080016c2                L6474_ErrorHandler
 *fill*         0x080016ee        0x2 
 .text.L6474_SendCommand
                0x080016f0       0xac ./Core/Src/L6474.o
                0x080016f0                L6474_SendCommand
 .text.L6474_SetRegisterToPredefinedValues
                0x0800179c      0x1f4 ./Core/Src/L6474.o
                0x0800179c                L6474_SetRegisterToPredefinedValues
 .text.L6474_SetRegisterToInitializationValues
                0x08001990      0x13e ./Core/Src/L6474.o
                0x08001990                L6474_SetRegisterToInitializationValues
 *fill*         0x08001ace        0x2 
 .text.L6474_SpiWriteBytes
                0x08001ad0       0x34 ./Core/Src/L6474.o
                0x08001ad0                L6474_SpiWriteBytes
 .text.L6474_WriteBytes
                0x08001b04       0x44 ./Core/Src/L6474.o
                0x08001b04                L6474_WriteBytes
 .text.L6474_SetDeviceParamsToPredefinedValues
                0x08001b48       0xd4 ./Core/Src/L6474.o
                0x08001b48                L6474_SetDeviceParamsToPredefinedValues
 .text.L6474_StartMovement
                0x08001c1c       0x4c ./Core/Src/L6474.o
                0x08001c1c                L6474_StartMovement
 .text.L6474_StepClockHandler
                0x08001c68      0x2e0 ./Core/Src/L6474.o
                0x08001c68                L6474_StepClockHandler
 .text.L6474_Tval_Current_to_Par
                0x08001f48       0x38 ./Core/Src/L6474.o
                0x08001f48                L6474_Tval_Current_to_Par
 .text.L6474_Tmin_Time_to_Par
                0x08001f80       0x34 ./Core/Src/L6474.o
                0x08001f80                L6474_Tmin_Time_to_Par
 .text.L6474_ConvertPosition
                0x08001fb4       0x40 ./Core/Src/L6474.o
                0x08001fb4                L6474_ConvertPosition
 .text.L6474_ReadWrite
                0x08001ff4       0x58 ./Core/Src/L6474.o
                0x08001ff4                L6474_ReadWrite
 .text.L6474_Delay
                0x0800204c       0x18 ./Core/Src/L6474.o
                0x0800204c                L6474_Delay
 .text.L6474_EnableIrq
                0x08002064       0x18 ./Core/Src/L6474.o
                0x08002064                L6474_EnableIrq
 .text.L6474_DisableIrq
                0x0800207c       0x18 ./Core/Src/L6474.o
                0x0800207c                L6474_DisableIrq
 .text.interrupt_handler
                0x08002094       0x16 ./Core/Src/L6474.o
                0x08002094                interrupt_handler
 *fill*         0x080020aa        0x2 
 .text.L6474_PwmSetFreq
                0x080020ac       0x64 ./Core/Src/L6474.o
                0x080020ac                L6474_PwmSetFreq
 .text.L6474_PwmStop
                0x08002110       0x28 ./Core/Src/L6474.o
                0x08002110                L6474_PwmStop
 .text.L6474_ReleaseReset
                0x08002138       0x20 ./Core/Src/L6474.o
                0x08002138                L6474_ReleaseReset
 .text.L6474_SetDirectionGpio
                0x08002158       0x28 ./Core/Src/L6474.o
                0x08002158                L6474_SetDirectionGpio
 .text.eat_space
                0x08002180       0x2c ./Core/Src/controller.o
                0x08002180                eat_space
 .text.update_timer
                0x080021ac       0x14 ./Core/Src/controller.o
                0x080021ac                update_timer
 .text.get_milliseconds
                0x080021c0       0x2e ./Core/Src/controller.o
                0x080021c0                get_milliseconds
 *fill*         0x080021ee        0x2 
 .text.L6474_init
                0x080021f0       0xe8 ./Core/Src/controller.o
                0x080021f0                L6474_init
 .text.ENC28J60_init
                0x080022d8      0x1ac ./Core/Src/controller.o
                0x080022d8                ENC28J60_init
 .text.driver_move
                0x08002484       0x7c ./Core/Src/controller.o
                0x08002484                driver_move
 .text.init_driver
                0x08002500       0x14 ./Core/Src/controller.o
                0x08002500                init_driver
 .text.create_controller
                0x08002514      0x134 ./Core/Src/controller.o
                0x08002514                create_controller
 .text.receive_command
                0x08002648       0x54 ./Core/Src/controller.o
                0x08002648                receive_command
 .text.parse_command
                0x0800269c      0x4e4 ./Core/Src/controller.o
                0x0800269c                parse_command
 .text.send_response
                0x08002b80       0x34 ./Core/Src/controller.o
                0x08002b80                send_response
 .text.update   0x08002bb4      0x1bc ./Core/Src/controller.o
                0x08002bb4                update
 .text.enc28j60_set_spi
                0x08002d70       0x1c ./Core/Src/enc28j60.o
                0x08002d70                enc28j60_set_spi
 .text.ENC28J60_SendByte
                0x08002d8c       0x50 ./Core/Src/enc28j60.o
                0x08002d8c                ENC28J60_SendByte
 .text.enc28j60ReadOp
                0x08002ddc       0x80 ./Core/Src/enc28j60.o
                0x08002ddc                enc28j60ReadOp
 .text.enc28j60WriteOp
                0x08002e5c       0x6c ./Core/Src/enc28j60.o
                0x08002e5c                enc28j60WriteOp
 .text.enc28j60ReadBuffer
                0x08002ec8       0x68 ./Core/Src/enc28j60.o
                0x08002ec8                enc28j60ReadBuffer
 .text.enc28j60ReadBufferWord
                0x08002f30       0x1a ./Core/Src/enc28j60.o
 *fill*         0x08002f4a        0x2 
 .text.enc28j60WriteBuffer
                0x08002f4c       0x64 ./Core/Src/enc28j60.o
                0x08002f4c                enc28j60WriteBuffer
 .text.enc28j60SetBank
                0x08002fb0       0x4c ./Core/Src/enc28j60.o
                0x08002fb0                enc28j60SetBank
 .text.enc28j60Read
                0x08002ffc       0x26 ./Core/Src/enc28j60.o
                0x08002ffc                enc28j60Read
 .text.enc28j60WriteWord
                0x08003022       0x3c ./Core/Src/enc28j60.o
                0x08003022                enc28j60WriteWord
 .text.enc28j60Write
                0x0800305e       0x2c ./Core/Src/enc28j60.o
                0x0800305e                enc28j60Write
 .text.enc28j60PhyWrite
                0x0800308a       0x58 ./Core/Src/enc28j60.o
                0x0800308a                enc28j60PhyWrite
 .text.enc28j60clkout
                0x080030e2       0x22 ./Core/Src/enc28j60.o
                0x080030e2                enc28j60clkout
 .text.enc28j60Init
                0x08003104      0x158 ./Core/Src/enc28j60.o
                0x08003104                enc28j60Init
 .text.enc28j60getrev
                0x0800325c       0x26 ./Core/Src/enc28j60.o
                0x0800325c                enc28j60getrev
 .text.enc28j60PacketSend
                0x08003282       0x86 ./Core/Src/enc28j60.o
                0x08003282                enc28j60PacketSend
 .text.enc28j60PacketReceive
                0x08003308       0xc0 ./Core/Src/enc28j60.o
                0x08003308                enc28j60PacketReceive
 .text.get_udp_data_len
                0x080033c8       0x48 ./Core/Src/ip_arp_udp_tcp.o
                0x080033c8                get_udp_data_len
 .text.checksum
                0x08003410       0xa4 ./Core/Src/ip_arp_udp_tcp.o
                0x08003410                checksum
 .text.init_ip_arp_udp_tcp
                0x080034b4       0x54 ./Core/Src/ip_arp_udp_tcp.o
                0x080034b4                init_ip_arp_udp_tcp
 .text.eth_type_is_arp_and_my_ip
                0x08003508       0x54 ./Core/Src/ip_arp_udp_tcp.o
                0x08003508                eth_type_is_arp_and_my_ip
 .text.eth_type_is_ip_and_my_ip
                0x0800355c       0x64 ./Core/Src/ip_arp_udp_tcp.o
                0x0800355c                eth_type_is_ip_and_my_ip
 .text.make_eth
                0x080035c0       0x30 ./Core/Src/ip_arp_udp_tcp.o
                0x080035c0                make_eth
 .text.fill_ip_hdr_checksum
                0x080035f0       0x62 ./Core/Src/ip_arp_udp_tcp.o
                0x080035f0                fill_ip_hdr_checksum
 *fill*         0x08003652        0x2 
 .text.make_ip  0x08003654       0x30 ./Core/Src/ip_arp_udp_tcp.o
                0x08003654                make_ip
 .text.make_arp_answer_from_request
                0x08003684       0x6c ./Core/Src/ip_arp_udp_tcp.o
                0x08003684                make_arp_answer_from_request
 .text.make_echo_reply_from_request
                0x080036f0       0x58 ./Core/Src/ip_arp_udp_tcp.o
                0x080036f0                make_echo_reply_from_request
 .text.make_udp_reply_from_request
                0x08003748       0xf8 ./Core/Src/ip_arp_udp_tcp.o
                0x08003748                make_udp_reply_from_request
 .text.client_store_gw_mac
                0x08003840       0x44 ./Core/Src/ip_arp_udp_tcp.o
                0x08003840                client_store_gw_mac
 .text.packetloop_icmp_udp
                0x08003884       0xfc ./Core/Src/ip_udp.o
                0x08003884                packetloop_icmp_udp
 .text.udp_packet_dport
                0x08003980       0x2c ./Core/Src/ip_udp.o
                0x08003980                udp_packet_dport
 .text.main     0x080039ac       0x70 ./Core/Src/main.o
                0x080039ac                main
 .text.SystemClock_Config
                0x08003a1c       0x76 ./Core/Src/main.o
                0x08003a1c                SystemClock_Config
 *fill*         0x08003a92        0x2 
 .text.MX_SPI1_Init
                0x08003a94       0x6c ./Core/Src/main.o
 .text.MX_TIM3_Init
                0x08003b00       0xb0 ./Core/Src/main.o
 .text.MX_USART2_UART_Init
                0x08003bb0       0x54 ./Core/Src/main.o
 .text.MX_DMA_Init
                0x08003c04       0x4c ./Core/Src/main.o
 .text.MX_GPIO_Init
                0x08003c50      0x10c ./Core/Src/main.o
 .text.HAL_SPI_ErrorCallback
                0x08003d5c       0x1c ./Core/Src/main.o
                0x08003d5c                HAL_SPI_ErrorCallback
 .text._write   0x08003d78       0x28 ./Core/Src/main.o
                0x08003d78                _write
 .text._read    0x08003da0       0x40 ./Core/Src/main.o
                0x08003da0                _read
 .text.Error_Handler
                0x08003de0        0xc ./Core/Src/main.o
                0x08003de0                Error_Handler
 .text.timer_freq
                0x08003dec       0x24 ./Core/Src/pwm.o
                0x08003dec                timer_freq
 .text.prescaler
                0x08003e10       0x40 ./Core/Src/pwm.o
                0x08003e10                prescaler
 .text.compare_val
                0x08003e50       0x28 ./Core/Src/pwm.o
                0x08003e50                compare_val
 .text.L6474_PwmInit
                0x08003e78       0x48 ./Core/Src/pwm.o
                0x08003e78                L6474_PwmInit
 .text.pwm_write
                0x08003ec0       0x20 ./Core/Src/pwm.o
                0x08003ec0                pwm_write
 .text.pwm_period
                0x08003ee0       0x20 ./Core/Src/pwm.o
                0x08003ee0                pwm_period
 .text.HAL_MspInit
                0x08003f00       0x64 ./Core/Src/stm32f1xx_hal_msp.o
                0x08003f00                HAL_MspInit
 .text.HAL_SPI_MspInit
                0x08003f64      0x154 ./Core/Src/stm32f1xx_hal_msp.o
                0x08003f64                HAL_SPI_MspInit
 .text.HAL_TIM_PWM_MspInit
                0x080040b8       0x4c ./Core/Src/stm32f1xx_hal_msp.o
                0x080040b8                HAL_TIM_PWM_MspInit
 .text.HAL_TIM_MspPostInit
                0x08004104       0x8c ./Core/Src/stm32f1xx_hal_msp.o
                0x08004104                HAL_TIM_MspPostInit
 .text.HAL_UART_MspInit
                0x08004190       0xa4 ./Core/Src/stm32f1xx_hal_msp.o
                0x08004190                HAL_UART_MspInit
 .text.NMI_Handler
                0x08004234        0x8 ./Core/Src/stm32f1xx_it.o
                0x08004234                NMI_Handler
 .text.HardFault_Handler
                0x0800423c        0x8 ./Core/Src/stm32f1xx_it.o
                0x0800423c                HardFault_Handler
 .text.MemManage_Handler
                0x08004244        0x8 ./Core/Src/stm32f1xx_it.o
                0x08004244                MemManage_Handler
 .text.BusFault_Handler
                0x0800424c        0x8 ./Core/Src/stm32f1xx_it.o
                0x0800424c                BusFault_Handler
 .text.UsageFault_Handler
                0x08004254        0x8 ./Core/Src/stm32f1xx_it.o
                0x08004254                UsageFault_Handler
 .text.SVC_Handler
                0x0800425c        0xc ./Core/Src/stm32f1xx_it.o
                0x0800425c                SVC_Handler
 .text.DebugMon_Handler
                0x08004268        0xc ./Core/Src/stm32f1xx_it.o
                0x08004268                DebugMon_Handler
 .text.PendSV_Handler
                0x08004274        0xc ./Core/Src/stm32f1xx_it.o
                0x08004274                PendSV_Handler
 .text.SysTick_Handler
                0x08004280        0xc ./Core/Src/stm32f1xx_it.o
                0x08004280                SysTick_Handler
 .text.DMA1_Channel2_IRQHandler
                0x0800428c       0x14 ./Core/Src/stm32f1xx_it.o
                0x0800428c                DMA1_Channel2_IRQHandler
 .text.DMA1_Channel3_IRQHandler
                0x080042a0       0x14 ./Core/Src/stm32f1xx_it.o
                0x080042a0                DMA1_Channel3_IRQHandler
 .text.TIM3_IRQHandler
                0x080042b4       0x2c ./Core/Src/stm32f1xx_it.o
                0x080042b4                TIM3_IRQHandler
 .text.SPI1_IRQHandler
                0x080042e0       0x14 ./Core/Src/stm32f1xx_it.o
                0x080042e0                SPI1_IRQHandler
 .text.USART2_IRQHandler
                0x080042f4       0x14 ./Core/Src/stm32f1xx_it.o
                0x080042f4                USART2_IRQHandler
 .text.EXTI15_10_IRQHandler
                0x08004308       0x2c ./Core/Src/stm32f1xx_it.o
                0x08004308                EXTI15_10_IRQHandler
 .text._kill    0x08004334       0x20 ./Core/Src/syscalls.o
                0x08004334                _kill
 .text._exit    0x08004354       0x16 ./Core/Src/syscalls.o
                0x08004354                _exit
 .text._close   0x0800436a       0x16 ./Core/Src/syscalls.o
                0x0800436a                _close
 .text._fstat   0x08004380       0x1e ./Core/Src/syscalls.o
                0x08004380                _fstat
 .text._isatty  0x0800439e       0x14 ./Core/Src/syscalls.o
                0x0800439e                _isatty
 .text._lseek   0x080043b2       0x18 ./Core/Src/syscalls.o
                0x080043b2                _lseek
 *fill*         0x080043ca        0x2 
 .text._sbrk    0x080043cc       0x6c ./Core/Src/sysmem.o
                0x080043cc                _sbrk
 .text.SystemInit
                0x08004438        0xc ./Core/Src/system_stm32f1xx.o
                0x08004438                SystemInit
 .text.Reset_Handler
                0x08004444       0x48 ./Core/Startup/startup_stm32f103rbtx.o
                0x08004444                Reset_Handler
 .text.Default_Handler
                0x0800448c        0x2 ./Core/Startup/startup_stm32f103rbtx.o
                0x0800448c                USBWakeUp_IRQHandler
                0x0800448c                EXTI2_IRQHandler
                0x0800448c                TIM1_CC_IRQHandler
                0x0800448c                PVD_IRQHandler
                0x0800448c                EXTI3_IRQHandler
                0x0800448c                EXTI0_IRQHandler
                0x0800448c                I2C2_EV_IRQHandler
                0x0800448c                ADC1_2_IRQHandler
                0x0800448c                TAMPER_IRQHandler
                0x0800448c                DMA1_Channel4_IRQHandler
                0x0800448c                USART3_IRQHandler
                0x0800448c                RTC_IRQHandler
                0x0800448c                DMA1_Channel7_IRQHandler
                0x0800448c                CAN1_RX1_IRQHandler
                0x0800448c                TIM4_IRQHandler
                0x0800448c                I2C1_EV_IRQHandler
                0x0800448c                DMA1_Channel6_IRQHandler
                0x0800448c                RCC_IRQHandler
                0x0800448c                TIM1_TRG_COM_IRQHandler
                0x0800448c                DMA1_Channel1_IRQHandler
                0x0800448c                Default_Handler
                0x0800448c                EXTI9_5_IRQHandler
                0x0800448c                SPI2_IRQHandler
                0x0800448c                DMA1_Channel5_IRQHandler
                0x0800448c                EXTI4_IRQHandler
                0x0800448c                USB_LP_CAN1_RX0_IRQHandler
                0x0800448c                USB_HP_CAN1_TX_IRQHandler
                0x0800448c                TIM1_UP_IRQHandler
                0x0800448c                WWDG_IRQHandler
                0x0800448c                TIM2_IRQHandler
                0x0800448c                TIM1_BRK_IRQHandler
                0x0800448c                EXTI1_IRQHandler
                0x0800448c                I2C2_ER_IRQHandler
                0x0800448c                CAN1_SCE_IRQHandler
                0x0800448c                FLASH_IRQHandler
                0x0800448c                USART1_IRQHandler
                0x0800448c                I2C1_ER_IRQHandler
                0x0800448c                RTC_Alarm_IRQHandler
 *fill*         0x0800448e        0x2 
 .text.HAL_Init
                0x08004490       0x2c ./Drivers/STM32F1xx_HAL_Driver/Src/stm32f1xx_hal.o
                0x08004490                HAL_Init
 .text.HAL_InitTick
                0x080044bc       0x60 ./Drivers/STM32F1xx_HAL_Driver/Src/stm32f1xx_hal.o
                0x080044bc                HAL_InitTick
 .text.HAL_IncTick
                0x0800451c       0x24 ./Drivers/STM32F1xx_HAL_Driver/Src/stm32f1xx_hal.o
                0x0800451c                HAL_IncTick
 .text.HAL_GetTick
                0x08004540       0x14 ./Drivers/STM32F1xx_HAL_Driver/Src/stm32f1xx_hal.o
                0x08004540                HAL_GetTick
 .text.HAL_Delay
                0x08004554       0x48 ./Drivers/STM32F1xx_HAL_Driver/Src/stm32f1xx_hal.o
                0x08004554                HAL_Delay
 .text.__NVIC_SetPriorityGrouping
                0x0800459c       0x48 ./Drivers/STM32F1xx_HAL_Driver/Src/stm32f1xx_hal_cortex.o
 .text.__NVIC_GetPriorityGrouping
                0x080045e4       0x1c ./Drivers/STM32F1xx_HAL_Driver/Src/stm32f1xx_hal_cortex.o
 .text.__NVIC_EnableIRQ
                0x08004600       0x38 ./Drivers/STM32F1xx_HAL_Driver/Src/stm32f1xx_hal_cortex.o
 .text.__NVIC_SetPriority
                0x08004638       0x54 ./Drivers/STM32F1xx_HAL_Driver/Src/stm32f1xx_hal_cortex.o
 .text.NVIC_EncodePriority
                0x0800468c       0x64 ./Drivers/STM32F1xx_HAL_Driver/Src/stm32f1xx_hal_cortex.o
 .text.SysTick_Config
                0x080046f0       0x44 ./Drivers/STM32F1xx_HAL_Driver/Src/stm32f1xx_hal_cortex.o
 .text.HAL_NVIC_SetPriorityGrouping
                0x08004734       0x16 ./Drivers/STM32F1xx_HAL_Driver/Src/stm32f1xx_hal_cortex.o
                0x08004734                HAL_NVIC_SetPriorityGrouping
 .text.HAL_NVIC_SetPriority
                0x0800474a       0x38 ./Drivers/STM32F1xx_HAL_Driver/Src/stm32f1xx_hal_cortex.o
                0x0800474a                HAL_NVIC_SetPriority
 .text.HAL_NVIC_EnableIRQ
                0x08004782       0x1c ./Drivers/STM32F1xx_HAL_Driver/Src/stm32f1xx_hal_cortex.o
                0x08004782                HAL_NVIC_EnableIRQ
 .text.HAL_SYSTICK_Config
                0x0800479e       0x18 ./Drivers/STM32F1xx_HAL_Driver/Src/stm32f1xx_hal_cortex.o
                0x0800479e                HAL_SYSTICK_Config
 *fill*         0x080047b6        0x2 
 .text.HAL_DMA_Init
                0x080047b8       0xb4 ./Drivers/STM32F1xx_HAL_Driver/Src/stm32f1xx_hal_dma.o
                0x080047b8                HAL_DMA_Init
 .text.HAL_DMA_Abort
                0x0800486c       0x76 ./Drivers/STM32F1xx_HAL_Driver/Src/stm32f1xx_hal_dma.o
                0x0800486c                HAL_DMA_Abort
 *fill*         0x080048e2        0x2 
 .text.HAL_DMA_Abort_IT
                0x080048e4       0xf0 ./Drivers/STM32F1xx_HAL_Driver/Src/stm32f1xx_hal_dma.o
                0x080048e4                HAL_DMA_Abort_IT
 .text.HAL_DMA_IRQHandler
                0x080049d4      0x20c ./Drivers/STM32F1xx_HAL_Driver/Src/stm32f1xx_hal_dma.o
                0x080049d4                HAL_DMA_IRQHandler
 .text.HAL_GPIO_Init
                0x08004be0      0x308 ./Drivers/STM32F1xx_HAL_Driver/Src/stm32f1xx_hal_gpio.o
                0x08004be0                HAL_GPIO_Init
 .text.HAL_GPIO_WritePin
                0x08004ee8       0x30 ./Drivers/STM32F1xx_HAL_Driver/Src/stm32f1xx_hal_gpio.o
                0x08004ee8                HAL_GPIO_WritePin
 .text.HAL_GPIO_EXTI_IRQHandler
                0x08004f18       0x30 ./Drivers/STM32F1xx_HAL_Driver/Src/stm32f1xx_hal_gpio.o
                0x08004f18                HAL_GPIO_EXTI_IRQHandler
 .text.HAL_GPIO_EXTI_Callback
                0x08004f48       0x14 ./Drivers/STM32F1xx_HAL_Driver/Src/stm32f1xx_hal_gpio.o
                0x08004f48                HAL_GPIO_EXTI_Callback
 .text.HAL_RCC_OscConfig
                0x08004f5c      0x504 ./Drivers/STM32F1xx_HAL_Driver/Src/stm32f1xx_hal_rcc.o
                0x08004f5c                HAL_RCC_OscConfig
 .text.HAL_RCC_ClockConfig
                0x08005460      0x1d4 ./Drivers/STM32F1xx_HAL_Driver/Src/stm32f1xx_hal_rcc.o
                0x08005460                HAL_RCC_ClockConfig
 .text.HAL_RCC_GetSysClockFreq
                0x08005634       0xa8 ./Drivers/STM32F1xx_HAL_Driver/Src/stm32f1xx_hal_rcc.o
                0x08005634                HAL_RCC_GetSysClockFreq
 .text.HAL_RCC_GetHCLKFreq
                0x080056dc       0x14 ./Drivers/STM32F1xx_HAL_Driver/Src/stm32f1xx_hal_rcc.o
                0x080056dc                HAL_RCC_GetHCLKFreq
 .text.HAL_RCC_GetPCLK1Freq
                0x080056f0       0x28 ./Drivers/STM32F1xx_HAL_Driver/Src/stm32f1xx_hal_rcc.o
                0x080056f0                HAL_RCC_GetPCLK1Freq
 .text.HAL_RCC_GetPCLK2Freq
                0x08005718       0x28 ./Drivers/STM32F1xx_HAL_Driver/Src/stm32f1xx_hal_rcc.o
                0x08005718                HAL_RCC_GetPCLK2Freq
 .text.RCC_Delay
                0x08005740       0x3c ./Drivers/STM32F1xx_HAL_Driver/Src/stm32f1xx_hal_rcc.o
 .text.HAL_SPI_Init
                0x0800577c      0x108 ./Drivers/STM32F1xx_HAL_Driver/Src/stm32f1xx_hal_spi.o
                0x0800577c                HAL_SPI_Init
 .text.HAL_SPI_TransmitReceive
                0x08005884      0x352 ./Drivers/STM32F1xx_HAL_Driver/Src/stm32f1xx_hal_spi.o
                0x08005884                HAL_SPI_TransmitReceive
 *fill*         0x08005bd6        0x2 
 .text.HAL_SPI_IRQHandler
                0x08005bd8      0x1cc ./Drivers/STM32F1xx_HAL_Driver/Src/stm32f1xx_hal_spi.o
                0x08005bd8                HAL_SPI_IRQHandler
 .text.SPI_DMAAbortOnError
                0x08005da4       0x28 ./Drivers/STM32F1xx_HAL_Driver/Src/stm32f1xx_hal_spi.o
 .text.SPI_WaitFlagStateUntilTimeout
                0x08005dcc      0x110 ./Drivers/STM32F1xx_HAL_Driver/Src/stm32f1xx_hal_spi.o
 .text.SPI_EndRxTxTransaction
                0x08005edc       0x62 ./Drivers/STM32F1xx_HAL_Driver/Src/stm32f1xx_hal_spi.o
 *fill*         0x08005f3e        0x2 
 .text.HAL_TIM_Base_Start_IT
                0x08005f40       0xa4 ./Drivers/STM32F1xx_HAL_Driver/Src/stm32f1xx_hal_tim.o
                0x08005f40                HAL_TIM_Base_Start_IT
 .text.HAL_TIM_PWM_Init
                0x08005fe4       0x9e ./Drivers/STM32F1xx_HAL_Driver/Src/stm32f1xx_hal_tim.o
                0x08005fe4                HAL_TIM_PWM_Init
 *fill*         0x08006082        0x2 
 .text.HAL_TIM_PWM_Start
                0x08006084      0x144 ./Drivers/STM32F1xx_HAL_Driver/Src/stm32f1xx_hal_tim.o
                0x08006084                HAL_TIM_PWM_Start
 .text.HAL_TIM_IRQHandler
                0x080061c8      0x1e0 ./Drivers/STM32F1xx_HAL_Driver/Src/stm32f1xx_hal_tim.o
                0x080061c8                HAL_TIM_IRQHandler
 .text.HAL_TIM_PWM_ConfigChannel
                0x080063a8      0x184 ./Drivers/STM32F1xx_HAL_Driver/Src/stm32f1xx_hal_tim.o
                0x080063a8                HAL_TIM_PWM_ConfigChannel
 .text.HAL_TIM_PeriodElapsedCallback
                0x0800652c       0x12 ./Drivers/STM32F1xx_HAL_Driver/Src/stm32f1xx_hal_tim.o
                0x0800652c                HAL_TIM_PeriodElapsedCallback
 .text.HAL_TIM_OC_DelayElapsedCallback
                0x0800653e       0x12 ./Drivers/STM32F1xx_HAL_Driver/Src/stm32f1xx_hal_tim.o
                0x0800653e                HAL_TIM_OC_DelayElapsedCallback
 .text.HAL_TIM_IC_CaptureCallback
                0x08006550       0x12 ./Drivers/STM32F1xx_HAL_Driver/Src/stm32f1xx_hal_tim.o
                0x08006550                HAL_TIM_IC_CaptureCallback
 .text.HAL_TIM_PWM_PulseFinishedCallback
                0x08006562       0x12 ./Drivers/STM32F1xx_HAL_Driver/Src/stm32f1xx_hal_tim.o
                0x08006562                HAL_TIM_PWM_PulseFinishedCallback
 .text.HAL_TIM_TriggerCallback
                0x08006574       0x12 ./Drivers/STM32F1xx_HAL_Driver/Src/stm32f1xx_hal_tim.o
                0x08006574                HAL_TIM_TriggerCallback
 *fill*         0x08006586        0x2 
 .text.TIM_Base_SetConfig
                0x08006588       0xdc ./Drivers/STM32F1xx_HAL_Driver/Src/stm32f1xx_hal_tim.o
                0x08006588                TIM_Base_SetConfig
 .text.TIM_OC1_SetConfig
                0x08006664       0xcc ./Drivers/STM32F1xx_HAL_Driver/Src/stm32f1xx_hal_tim.o
 .text.TIM_OC2_SetConfig
                0x08006730       0xd4 ./Drivers/STM32F1xx_HAL_Driver/Src/stm32f1xx_hal_tim.o
                0x08006730                TIM_OC2_SetConfig
 .text.TIM_OC3_SetConfig
                0x08006804       0xd4 ./Drivers/STM32F1xx_HAL_Driver/Src/stm32f1xx_hal_tim.o
 .text.TIM_OC4_SetConfig
                0x080068d8       0x9c ./Drivers/STM32F1xx_HAL_Driver/Src/stm32f1xx_hal_tim.o
 .text.TIM_CCxChannelCmd
                0x08006974       0x48 ./Drivers/STM32F1xx_HAL_Driver/Src/stm32f1xx_hal_tim.o
                0x08006974                TIM_CCxChannelCmd
 .text.HAL_TIMEx_MasterConfigSynchronization
                0x080069bc       0xbc ./Drivers/STM32F1xx_HAL_Driver/Src/stm32f1xx_hal_tim_ex.o
                0x080069bc                HAL_TIMEx_MasterConfigSynchronization
 .text.HAL_TIMEx_CommutCallback
                0x08006a78       0x12 ./Drivers/STM32F1xx_HAL_Driver/Src/stm32f1xx_hal_tim_ex.o
                0x08006a78                HAL_TIMEx_CommutCallback
 .text.HAL_TIMEx_BreakCallback
                0x08006a8a       0x12 ./Drivers/STM32F1xx_HAL_Driver/Src/stm32f1xx_hal_tim_ex.o
                0x08006a8a                HAL_TIMEx_BreakCallback
 .text.HAL_UART_Init
                0x08006a9c       0xa0 ./Drivers/STM32F1xx_HAL_Driver/Src/stm32f1xx_hal_uart.o
                0x08006a9c                HAL_UART_Init
 .text.HAL_UART_Transmit
                0x08006b3c      0x116 ./Drivers/STM32F1xx_HAL_Driver/Src/stm32f1xx_hal_uart.o
                0x08006b3c                HAL_UART_Transmit
 .text.HAL_UART_Receive
                0x08006c52      0x12e ./Drivers/STM32F1xx_HAL_Driver/Src/stm32f1xx_hal_uart.o
                0x08006c52                HAL_UART_Receive
 .text.HAL_UART_IRQHandler
                0x08006d80      0x524 ./Drivers/STM32F1xx_HAL_Driver/Src/stm32f1xx_hal_uart.o
                0x08006d80                HAL_UART_IRQHandler
 .text.HAL_UART_TxCpltCallback
                0x080072a4       0x12 ./Drivers/STM32F1xx_HAL_Driver/Src/stm32f1xx_hal_uart.o
                0x080072a4                HAL_UART_TxCpltCallback
 .text.HAL_UART_RxCpltCallback
                0x080072b6       0x12 ./Drivers/STM32F1xx_HAL_Driver/Src/stm32f1xx_hal_uart.o
                0x080072b6                HAL_UART_RxCpltCallback
 .text.HAL_UART_ErrorCallback
                0x080072c8       0x12 ./Drivers/STM32F1xx_HAL_Driver/Src/stm32f1xx_hal_uart.o
                0x080072c8                HAL_UART_ErrorCallback
 .text.HAL_UARTEx_RxEventCallback
                0x080072da       0x16 ./Drivers/STM32F1xx_HAL_Driver/Src/stm32f1xx_hal_uart.o
                0x080072da                HAL_UARTEx_RxEventCallback
 .text.UART_WaitOnFlagUntilTimeout
                0x080072f0       0xb2 ./Drivers/STM32F1xx_HAL_Driver/Src/stm32f1xx_hal_uart.o
 .text.UART_EndRxTransfer
                0x080073a2       0xc4 ./Drivers/STM32F1xx_HAL_Driver/Src/stm32f1xx_hal_uart.o
 .text.UART_DMAAbortOnError
                0x08007466       0x28 ./Drivers/STM32F1xx_HAL_Driver/Src/stm32f1xx_hal_uart.o
 .text.UART_Transmit_IT
                0x0800748e       0x9e ./Drivers/STM32F1xx_HAL_Driver/Src/stm32f1xx_hal_uart.o
 .text.UART_EndTransmit_IT
                0x0800752c       0x30 ./Drivers/STM32F1xx_HAL_Driver/Src/stm32f1xx_hal_uart.o
 .text.UART_Receive_IT
                0x0800755c      0x17c ./Drivers/STM32F1xx_HAL_Driver/Src/stm32f1xx_hal_uart.o
 .text.UART_SetConfig
                0x080076d8      0x11c ./Drivers/STM32F1xx_HAL_Driver/Src/stm32f1xx_hal_uart.o
 .text.atol     0x080077f4        0x8 /Applications/STM32CubeIDE.app/Contents/Eclipse/plugins/com.st.stm32cube.ide.mcu.externaltools.gnu-tools-for-stm32.13.3.rel1.macos64_1.0.0.202411102158/tools/bin/../lib/gcc/arm-none-eabi/13.3.1/../../../../arm-none-eabi/lib/thumb/v7-m/nofp/libc_nano.a(libc_a-atol.o)
                0x080077f4                atol
 .text.exit     0x080077fc       0x24 /Applications/STM32CubeIDE.app/Contents/Eclipse/plugins/com.st.stm32cube.ide.mcu.externaltools.gnu-tools-for-stm32.13.3.rel1.macos64_1.0.0.202411102158/tools/bin/../lib/gcc/arm-none-eabi/13.3.1/../../../../arm-none-eabi/lib/thumb/v7-m/nofp/libc_nano.a(libc_a-exit.o)
                0x080077fc                exit
 .text.malloc   0x08007820       0x10 /Applications/STM32CubeIDE.app/Contents/Eclipse/plugins/com.st.stm32cube.ide.mcu.externaltools.gnu-tools-for-stm32.13.3.rel1.macos64_1.0.0.202411102158/tools/bin/../lib/gcc/arm-none-eabi/13.3.1/../../../../arm-none-eabi/lib/thumb/v7-m/nofp/libc_nano.a(libc_a-malloc.o)
                0x08007820                malloc
 .text.sbrk_aligned
                0x08007830       0x44 /Applications/STM32CubeIDE.app/Contents/Eclipse/plugins/com.st.stm32cube.ide.mcu.externaltools.gnu-tools-for-stm32.13.3.rel1.macos64_1.0.0.202411102158/tools/bin/../lib/gcc/arm-none-eabi/13.3.1/../../../../arm-none-eabi/lib/thumb/v7-m/nofp/libc_nano.a(libc_a-mallocr.o)
 .text._malloc_r
                0x08007874      0x100 /Applications/STM32CubeIDE.app/Contents/Eclipse/plugins/com.st.stm32cube.ide.mcu.externaltools.gnu-tools-for-stm32.13.3.rel1.macos64_1.0.0.202411102158/tools/bin/../lib/gcc/arm-none-eabi/13.3.1/../../../../arm-none-eabi/lib/thumb/v7-m/nofp/libc_nano.a(libc_a-mallocr.o)
                0x08007874                _malloc_r
 .text.setvbuf  0x08007974      0x168 /Applications/STM32CubeIDE.app/Contents/Eclipse/plugins/com.st.stm32cube.ide.mcu.externaltools.gnu-tools-for-stm32.13.3.rel1.macos64_1.0.0.202411102158/tools/bin/../lib/gcc/arm-none-eabi/13.3.1/../../../../arm-none-eabi/lib/thumb/v7-m/nofp/libc_nano.a(libc_a-setvbuf.o)
                0x08007974                setvbuf
 .text.__malloc_lock
                0x08007adc        0xc /Applications/STM32CubeIDE.app/Contents/Eclipse/plugins/com.st.stm32cube.ide.mcu.externaltools.gnu-tools-for-stm32.13.3.rel1.macos64_1.0.0.202411102158/tools/bin/../lib/gcc/arm-none-eabi/13.3.1/../../../../arm-none-eabi/lib/thumb/v7-m/nofp/libc_nano.a(libc_a-mlock.o)
                0x08007adc                __malloc_lock
 .text.__malloc_unlock
                0x08007ae8        0xc /Applications/STM32CubeIDE.app/Contents/Eclipse/plugins/com.st.stm32cube.ide.mcu.externaltools.gnu-tools-for-stm32.13.3.rel1.macos64_1.0.0.202411102158/tools/bin/../lib/gcc/arm-none-eabi/13.3.1/../../../../arm-none-eabi/lib/thumb/v7-m/nofp/libc_nano.a(libc_a-mlock.o)
                0x08007ae8                __malloc_unlock
 .text.sprintf  0x08007af4       0x44 /Applications/STM32CubeIDE.app/Contents/Eclipse/plugins/com.st.stm32cube.ide.mcu.externaltools.gnu-tools-for-stm32.13.3.rel1.macos64_1.0.0.202411102158/tools/bin/../lib/gcc/arm-none-eabi/13.3.1/../../../../arm-none-eabi/lib/thumb/v7-m/nofp/libc_nano.a(libc_a-sprintf.o)
                0x08007af4                sprintf
                0x08007af4                siprintf
 .text.std      0x08007b38       0x6c /Applications/STM32CubeIDE.app/Contents/Eclipse/plugins/com.st.stm32cube.ide.mcu.externaltools.gnu-tools-for-stm32.13.3.rel1.macos64_1.0.0.202411102158/tools/bin/../lib/gcc/arm-none-eabi/13.3.1/../../../../arm-none-eabi/lib/thumb/v7-m/nofp/libc_nano.a(libc_a-findfp.o)
 .text.stdio_exit_handler
                0x08007ba4       0x18 /Applications/STM32CubeIDE.app/Contents/Eclipse/plugins/com.st.stm32cube.ide.mcu.externaltools.gnu-tools-for-stm32.13.3.rel1.macos64_1.0.0.202411102158/tools/bin/../lib/gcc/arm-none-eabi/13.3.1/../../../../arm-none-eabi/lib/thumb/v7-m/nofp/libc_nano.a(libc_a-findfp.o)
 .text.cleanup_stdio
                0x08007bbc       0x40 /Applications/STM32CubeIDE.app/Contents/Eclipse/plugins/com.st.stm32cube.ide.mcu.externaltools.gnu-tools-for-stm32.13.3.rel1.macos64_1.0.0.202411102158/tools/bin/../lib/gcc/arm-none-eabi/13.3.1/../../../../arm-none-eabi/lib/thumb/v7-m/nofp/libc_nano.a(libc_a-findfp.o)
 .text.global_stdio_init.part.0
                0x08007bfc       0x3c /Applications/STM32CubeIDE.app/Contents/Eclipse/plugins/com.st.stm32cube.ide.mcu.externaltools.gnu-tools-for-stm32.13.3.rel1.macos64_1.0.0.202411102158/tools/bin/../lib/gcc/arm-none-eabi/13.3.1/../../../../arm-none-eabi/lib/thumb/v7-m/nofp/libc_nano.a(libc_a-findfp.o)
 .text.__sfp_lock_acquire
                0x08007c38        0xc /Applications/STM32CubeIDE.app/Contents/Eclipse/plugins/com.st.stm32cube.ide.mcu.externaltools.gnu-tools-for-stm32.13.3.rel1.macos64_1.0.0.202411102158/tools/bin/../lib/gcc/arm-none-eabi/13.3.1/../../../../arm-none-eabi/lib/thumb/v7-m/nofp/libc_nano.a(libc_a-findfp.o)
                0x08007c38                __sfp_lock_acquire
 .text.__sfp_lock_release
                0x08007c44        0xc /Applications/STM32CubeIDE.app/Contents/Eclipse/plugins/com.st.stm32cube.ide.mcu.externaltools.gnu-tools-for-stm32.13.3.rel1.macos64_1.0.0.202411102158/tools/bin/../lib/gcc/arm-none-eabi/13.3.1/../../../../arm-none-eabi/lib/thumb/v7-m/nofp/libc_nano.a(libc_a-findfp.o)
                0x08007c44                __sfp_lock_release
 .text.__sinit  0x08007c50       0x30 /Applications/STM32CubeIDE.app/Contents/Eclipse/plugins/com.st.stm32cube.ide.mcu.externaltools.gnu-tools-for-stm32.13.3.rel1.macos64_1.0.0.202411102158/tools/bin/../lib/gcc/arm-none-eabi/13.3.1/../../../../arm-none-eabi/lib/thumb/v7-m/nofp/libc_nano.a(libc_a-findfp.o)
                0x08007c50                __sinit
 .text._fputs_r
                0x08007c80       0xa0 /Applications/STM32CubeIDE.app/Contents/Eclipse/plugins/com.st.stm32cube.ide.mcu.externaltools.gnu-tools-for-stm32.13.3.rel1.macos64_1.0.0.202411102158/tools/bin/../lib/gcc/arm-none-eabi/13.3.1/../../../../arm-none-eabi/lib/thumb/v7-m/nofp/libc_nano.a(libc_a-fputs.o)
                0x08007c80                _fputs_r
 .text.fputs    0x08007d20       0x10 /Applications/STM32CubeIDE.app/Contents/Eclipse/plugins/com.st.stm32cube.ide.mcu.externaltools.gnu-tools-for-stm32.13.3.rel1.macos64_1.0.0.202411102158/tools/bin/../lib/gcc/arm-none-eabi/13.3.1/../../../../arm-none-eabi/lib/thumb/v7-m/nofp/libc_nano.a(libc_a-fputs.o)
                0x08007d20                fputs
 .text.__swbuf_r
                0x08007d30       0x7c /Applications/STM32CubeIDE.app/Contents/Eclipse/plugins/com.st.stm32cube.ide.mcu.externaltools.gnu-tools-for-stm32.13.3.rel1.macos64_1.0.0.202411102158/tools/bin/../lib/gcc/arm-none-eabi/13.3.1/../../../../arm-none-eabi/lib/thumb/v7-m/nofp/libc_nano.a(libc_a-wbuf.o)
                0x08007d30                __swbuf_r
 .text._strtol_l.isra.0
                0x08007dac       0xf4 /Applications/STM32CubeIDE.app/Contents/Eclipse/plugins/com.st.stm32cube.ide.mcu.externaltools.gnu-tools-for-stm32.13.3.rel1.macos64_1.0.0.202411102158/tools/bin/../lib/gcc/arm-none-eabi/13.3.1/../../../../arm-none-eabi/lib/thumb/v7-m/nofp/libc_nano.a(libc_a-strtol.o)
 .text.strtol   0x08007ea0       0x14 /Applications/STM32CubeIDE.app/Contents/Eclipse/plugins/com.st.stm32cube.ide.mcu.externaltools.gnu-tools-for-stm32.13.3.rel1.macos64_1.0.0.202411102158/tools/bin/../lib/gcc/arm-none-eabi/13.3.1/../../../../arm-none-eabi/lib/thumb/v7-m/nofp/libc_nano.a(libc_a-strtol.o)
                0x08007ea0                strtol
 .text.__swsetup_r
                0x08007eb4       0xac /Applications/STM32CubeIDE.app/Contents/Eclipse/plugins/com.st.stm32cube.ide.mcu.externaltools.gnu-tools-for-stm32.13.3.rel1.macos64_1.0.0.202411102158/tools/bin/../lib/gcc/arm-none-eabi/13.3.1/../../../../arm-none-eabi/lib/thumb/v7-m/nofp/libc_nano.a(libc_a-wsetup.o)
                0x08007eb4                __swsetup_r
 .text._fwalk_sglue
                0x08007f60       0x3c /Applications/STM32CubeIDE.app/Contents/Eclipse/plugins/com.st.stm32cube.ide.mcu.externaltools.gnu-tools-for-stm32.13.3.rel1.macos64_1.0.0.202411102158/tools/bin/../lib/gcc/arm-none-eabi/13.3.1/../../../../arm-none-eabi/lib/thumb/v7-m/nofp/libc_nano.a(libc_a-fwalk.o)
                0x08007f60                _fwalk_sglue
 .text._fwrite_r
                0x08007f9c       0x96 /Applications/STM32CubeIDE.app/Contents/Eclipse/plugins/com.st.stm32cube.ide.mcu.externaltools.gnu-tools-for-stm32.13.3.rel1.macos64_1.0.0.202411102158/tools/bin/../lib/gcc/arm-none-eabi/13.3.1/../../../../arm-none-eabi/lib/thumb/v7-m/nofp/libc_nano.a(libc_a-fwrite.o)
                0x08007f9c                _fwrite_r
 *fill*         0x08008032        0x2 
 .text.fwrite   0x08008034       0x1c /Applications/STM32CubeIDE.app/Contents/Eclipse/plugins/com.st.stm32cube.ide.mcu.externaltools.gnu-tools-for-stm32.13.3.rel1.macos64_1.0.0.202411102158/tools/bin/../lib/gcc/arm-none-eabi/13.3.1/../../../../arm-none-eabi/lib/thumb/v7-m/nofp/libc_nano.a(libc_a-fwrite.o)
                0x08008034                fwrite
 .text.__swhatbuf_r
                0x08008050       0x4a /Applications/STM32CubeIDE.app/Contents/Eclipse/plugins/com.st.stm32cube.ide.mcu.externaltools.gnu-tools-for-stm32.13.3.rel1.macos64_1.0.0.202411102158/tools/bin/../lib/gcc/arm-none-eabi/13.3.1/../../../../arm-none-eabi/lib/thumb/v7-m/nofp/libc_nano.a(libc_a-makebuf.o)
                0x08008050                __swhatbuf_r
 .text.__smakebuf_r
                0x0800809a       0x78 /Applications/STM32CubeIDE.app/Contents/Eclipse/plugins/com.st.stm32cube.ide.mcu.externaltools.gnu-tools-for-stm32.13.3.rel1.macos64_1.0.0.202411102158/tools/bin/../lib/gcc/arm-none-eabi/13.3.1/../../../../arm-none-eabi/lib/thumb/v7-m/nofp/libc_nano.a(libc_a-makebuf.o)
                0x0800809a                __smakebuf_r
 *fill*         0x08008112        0x2 
 .text.printf   0x08008114       0x24 /Applications/STM32CubeIDE.app/Contents/Eclipse/plugins/com.st.stm32cube.ide.mcu.externaltools.gnu-tools-for-stm32.13.3.rel1.macos64_1.0.0.202411102158/tools/bin/../lib/gcc/arm-none-eabi/13.3.1/../../../../arm-none-eabi/lib/thumb/v7-m/nofp/libc_nano.a(libc_a-printf.o)
                0x08008114                printf
                0x08008114                iprintf
 .text._puts_r  0x08008138       0xaa /Applications/STM32CubeIDE.app/Contents/Eclipse/plugins/com.st.stm32cube.ide.mcu.externaltools.gnu-tools-for-stm32.13.3.rel1.macos64_1.0.0.202411102158/tools/bin/../lib/gcc/arm-none-eabi/13.3.1/../../../../arm-none-eabi/lib/thumb/v7-m/nofp/libc_nano.a(libc_a-puts.o)
                0x08008138                _puts_r
 *fill*         0x080081e2        0x2 
 .text.puts     0x080081e4       0x10 /Applications/STM32CubeIDE.app/Contents/Eclipse/plugins/com.st.stm32cube.ide.mcu.externaltools.gnu-tools-for-stm32.13.3.rel1.macos64_1.0.0.202411102158/tools/bin/../lib/gcc/arm-none-eabi/13.3.1/../../../../arm-none-eabi/lib/thumb/v7-m/nofp/libc_nano.a(libc_a-puts.o)
                0x080081e4                puts
 .text.memcmp   0x080081f4       0x20 /Applications/STM32CubeIDE.app/Contents/Eclipse/plugins/com.st.stm32cube.ide.mcu.externaltools.gnu-tools-for-stm32.13.3.rel1.macos64_1.0.0.202411102158/tools/bin/../lib/gcc/arm-none-eabi/13.3.1/../../../../arm-none-eabi/lib/thumb/v7-m/nofp/libc_nano.a(libc_a-memcmp.o)
                0x080081f4                memcmp
 .text.memset   0x08008214       0x10 /Applications/STM32CubeIDE.app/Contents/Eclipse/plugins/com.st.stm32cube.ide.mcu.externaltools.gnu-tools-for-stm32.13.3.rel1.macos64_1.0.0.202411102158/tools/bin/../lib/gcc/arm-none-eabi/13.3.1/../../../../arm-none-eabi/lib/thumb/v7-m/nofp/libc_nano.a(libc_a-memset.o)
                0x08008214                memset
 .text.strncmp  0x08008224       0x24 /Applications/STM32CubeIDE.app/Contents/Eclipse/plugins/com.st.stm32cube.ide.mcu.externaltools.gnu-tools-for-stm32.13.3.rel1.macos64_1.0.0.202411102158/tools/bin/../lib/gcc/arm-none-eabi/13.3.1/../../../../arm-none-eabi/lib/thumb/v7-m/nofp/libc_nano.a(libc_a-strncmp.o)
                0x08008224                strncmp
 .text._isatty_r
                0x08008248       0x20 /Applications/STM32CubeIDE.app/Contents/Eclipse/plugins/com.st.stm32cube.ide.mcu.externaltools.gnu-tools-for-stm32.13.3.rel1.macos64_1.0.0.202411102158/tools/bin/../lib/gcc/arm-none-eabi/13.3.1/../../../../arm-none-eabi/lib/thumb/v7-m/nofp/libc_nano.a(libc_a-isattyr.o)
                0x08008248                _isatty_r
 .text._sbrk_r  0x08008268       0x20 /Applications/STM32CubeIDE.app/Contents/Eclipse/plugins/com.st.stm32cube.ide.mcu.externaltools.gnu-tools-for-stm32.13.3.rel1.macos64_1.0.0.202411102158/tools/bin/../lib/gcc/arm-none-eabi/13.3.1/../../../../arm-none-eabi/lib/thumb/v7-m/nofp/libc_nano.a(libc_a-sbrkr.o)
                0x08008268                _sbrk_r
 .text.__errno  0x08008288        0xc /Applications/STM32CubeIDE.app/Contents/Eclipse/plugins/com.st.stm32cube.ide.mcu.externaltools.gnu-tools-for-stm32.13.3.rel1.macos64_1.0.0.202411102158/tools/bin/../lib/gcc/arm-none-eabi/13.3.1/../../../../arm-none-eabi/lib/thumb/v7-m/nofp/libc_nano.a(libc_a-errno.o)
                0x08008288                __errno
 .text.__libc_init_array
                0x08008294       0x48 /Applications/STM32CubeIDE.app/Contents/Eclipse/plugins/com.st.stm32cube.ide.mcu.externaltools.gnu-tools-for-stm32.13.3.rel1.macos64_1.0.0.202411102158/tools/bin/../lib/gcc/arm-none-eabi/13.3.1/../../../../arm-none-eabi/lib/thumb/v7-m/nofp/libc_nano.a(libc_a-init.o)
                0x08008294                __libc_init_array
 .text.__retarget_lock_init_recursive
                0x080082dc        0x2 /Applications/STM32CubeIDE.app/Contents/Eclipse/plugins/com.st.stm32cube.ide.mcu.externaltools.gnu-tools-for-stm32.13.3.rel1.macos64_1.0.0.202411102158/tools/bin/../lib/gcc/arm-none-eabi/13.3.1/../../../../arm-none-eabi/lib/thumb/v7-m/nofp/libc_nano.a(libc_a-lock.o)
                0x080082dc                __retarget_lock_init_recursive
 .text.__retarget_lock_acquire_recursive
                0x080082de        0x2 /Applications/STM32CubeIDE.app/Contents/Eclipse/plugins/com.st.stm32cube.ide.mcu.externaltools.gnu-tools-for-stm32.13.3.rel1.macos64_1.0.0.202411102158/tools/bin/../lib/gcc/arm-none-eabi/13.3.1/../../../../arm-none-eabi/lib/thumb/v7-m/nofp/libc_nano.a(libc_a-lock.o)
                0x080082de                __retarget_lock_acquire_recursive
 .text.__retarget_lock_release_recursive
                0x080082e0        0x2 /Applications/STM32CubeIDE.app/Contents/Eclipse/plugins/com.st.stm32cube.ide.mcu.externaltools.gnu-tools-for-stm32.13.3.rel1.macos64_1.0.0.202411102158/tools/bin/../lib/gcc/arm-none-eabi/13.3.1/../../../../arm-none-eabi/lib/thumb/v7-m/nofp/libc_nano.a(libc_a-lock.o)
                0x080082e0                __retarget_lock_release_recursive
 *fill*         0x080082e2        0x2 
 .text._fstat_r
                0x080082e4       0x24 /Applications/STM32CubeIDE.app/Contents/Eclipse/plugins/com.st.stm32cube.ide.mcu.externaltools.gnu-tools-for-stm32.13.3.rel1.macos64_1.0.0.202411102158/tools/bin/../lib/gcc/arm-none-eabi/13.3.1/../../../../arm-none-eabi/lib/thumb/v7-m/nofp/libc_nano.a(libc_a-fstatr.o)
                0x080082e4                _fstat_r
 .text.memcpy   0x08008308       0x1c /Applications/STM32CubeIDE.app/Contents/Eclipse/plugins/com.st.stm32cube.ide.mcu.externaltools.gnu-tools-for-stm32.13.3.rel1.macos64_1.0.0.202411102158/tools/bin/../lib/gcc/arm-none-eabi/13.3.1/../../../../arm-none-eabi/lib/thumb/v7-m/nofp/libc_nano.a(libc_a-memcpy-stub.o)
                0x08008308                memcpy
 .text._free_r  0x08008324       0x90 /Applications/STM32CubeIDE.app/Contents/Eclipse/plugins/com.st.stm32cube.ide.mcu.externaltools.gnu-tools-for-stm32.13.3.rel1.macos64_1.0.0.202411102158/tools/bin/../lib/gcc/arm-none-eabi/13.3.1/../../../../arm-none-eabi/lib/thumb/v7-m/nofp/libc_nano.a(libc_a-freer.o)
                0x08008324                _free_r
 .text.__ssputs_r
                0x080083b4       0xb6 /Applications/STM32CubeIDE.app/Contents/Eclipse/plugins/com.st.stm32cube.ide.mcu.externaltools.gnu-tools-for-stm32.13.3.rel1.macos64_1.0.0.202411102158/tools/bin/../lib/gcc/arm-none-eabi/13.3.1/../../../../arm-none-eabi/lib/thumb/v7-m/nofp/libc_nano.a(libc_a-nano-svfprintf.o)
                0x080083b4                __ssputs_r
 *fill*         0x0800846a        0x2 
 .text._svfprintf_r
                0x0800846c      0x1f8 /Applications/STM32CubeIDE.app/Contents/Eclipse/plugins/com.st.stm32cube.ide.mcu.externaltools.gnu-tools-for-stm32.13.3.rel1.macos64_1.0.0.202411102158/tools/bin/../lib/gcc/arm-none-eabi/13.3.1/../../../../arm-none-eabi/lib/thumb/v7-m/nofp/libc_nano.a(libc_a-nano-svfprintf.o)
                0x0800846c                _svfprintf_r
                0x0800846c                _svfiprintf_r
 .text.__sfputc_r
                0x08008664       0x2a /Applications/STM32CubeIDE.app/Contents/Eclipse/plugins/com.st.stm32cube.ide.mcu.externaltools.gnu-tools-for-stm32.13.3.rel1.macos64_1.0.0.202411102158/tools/bin/../lib/gcc/arm-none-eabi/13.3.1/../../../../arm-none-eabi/lib/thumb/v7-m/nofp/libc_nano.a(libc_a-nano-vfprintf.o)
 .text.__sfputs_r
                0x0800868e       0x24 /Applications/STM32CubeIDE.app/Contents/Eclipse/plugins/com.st.stm32cube.ide.mcu.externaltools.gnu-tools-for-stm32.13.3.rel1.macos64_1.0.0.202411102158/tools/bin/../lib/gcc/arm-none-eabi/13.3.1/../../../../arm-none-eabi/lib/thumb/v7-m/nofp/libc_nano.a(libc_a-nano-vfprintf.o)
                0x0800868e                __sfputs_r
 *fill*         0x080086b2        0x2 
 .text._vfprintf_r
                0x080086b4      0x230 /Applications/STM32CubeIDE.app/Contents/Eclipse/plugins/com.st.stm32cube.ide.mcu.externaltools.gnu-tools-for-stm32.13.3.rel1.macos64_1.0.0.202411102158/tools/bin/../lib/gcc/arm-none-eabi/13.3.1/../../../../arm-none-eabi/lib/thumb/v7-m/nofp/libc_nano.a(libc_a-nano-vfprintf.o)
                0x080086b4                _vfiprintf_r
                0x080086b4                _vfprintf_r
 .text._printf_common
                0x080088e4       0xe4 /Applications/STM32CubeIDE.app/Contents/Eclipse/plugins/com.st.stm32cube.ide.mcu.externaltools.gnu-tools-for-stm32.13.3.rel1.macos64_1.0.0.202411102158/tools/bin/../lib/gcc/arm-none-eabi/13.3.1/../../../../arm-none-eabi/lib/thumb/v7-m/nofp/libc_nano.a(libc_a-nano-vfprintf_i.o)
                0x080088e4                _printf_common
 .text._printf_i
                0x080089c8      0x23c /Applications/STM32CubeIDE.app/Contents/Eclipse/plugins/com.st.stm32cube.ide.mcu.externaltools.gnu-tools-for-stm32.13.3.rel1.macos64_1.0.0.202411102158/tools/bin/../lib/gcc/arm-none-eabi/13.3.1/../../../../arm-none-eabi/lib/thumb/v7-m/nofp/libc_nano.a(libc_a-nano-vfprintf_i.o)
                0x080089c8                _printf_i
 .text.__sflush_r
                0x08008c04      0x100 /Applications/STM32CubeIDE.app/Contents/Eclipse/plugins/com.st.stm32cube.ide.mcu.externaltools.gnu-tools-for-stm32.13.3.rel1.macos64_1.0.0.202411102158/tools/bin/../lib/gcc/arm-none-eabi/13.3.1/../../../../arm-none-eabi/lib/thumb/v7-m/nofp/libc_nano.a(libc_a-fflush.o)
                0x08008c04                __sflush_r
 .text._fflush_r
                0x08008d04       0x50 /Applications/STM32CubeIDE.app/Contents/Eclipse/plugins/com.st.stm32cube.ide.mcu.externaltools.gnu-tools-for-stm32.13.3.rel1.macos64_1.0.0.202411102158/tools/bin/../lib/gcc/arm-none-eabi/13.3.1/../../../../arm-none-eabi/lib/thumb/v7-m/nofp/libc_nano.a(libc_a-fflush.o)
                0x08008d04                _fflush_r
 .text.__sread  0x08008d54       0x22 /Applications/STM32CubeIDE.app/Contents/Eclipse/plugins/com.st.stm32cube.ide.mcu.externaltools.gnu-tools-for-stm32.13.3.rel1.macos64_1.0.0.202411102158/tools/bin/../lib/gcc/arm-none-eabi/13.3.1/../../../../arm-none-eabi/lib/thumb/v7-m/nofp/libc_nano.a(libc_a-stdio.o)
                0x08008d54                __sread
 .text.__swrite
                0x08008d76       0x38 /Applications/STM32CubeIDE.app/Contents/Eclipse/plugins/com.st.stm32cube.ide.mcu.externaltools.gnu-tools-for-stm32.13.3.rel1.macos64_1.0.0.202411102158/tools/bin/../lib/gcc/arm-none-eabi/13.3.1/../../../../arm-none-eabi/lib/thumb/v7-m/nofp/libc_nano.a(libc_a-stdio.o)
                0x08008d76                __swrite
 .text.__sseek  0x08008dae       0x24 /Applications/STM32CubeIDE.app/Contents/Eclipse/plugins/com.st.stm32cube.ide.mcu.externaltools.gnu-tools-for-stm32.13.3.rel1.macos64_1.0.0.202411102158/tools/bin/../lib/gcc/arm-none-eabi/13.3.1/../../../../arm-none-eabi/lib/thumb/v7-m/nofp/libc_nano.a(libc_a-stdio.o)
                0x08008dae                __sseek
 .text.__sclose
                0x08008dd2        0x8 /Applications/STM32CubeIDE.app/Contents/Eclipse/plugins/com.st.stm32cube.ide.mcu.externaltools.gnu-tools-for-stm32.13.3.rel1.macos64_1.0.0.202411102158/tools/bin/../lib/gcc/arm-none-eabi/13.3.1/../../../../arm-none-eabi/lib/thumb/v7-m/nofp/libc_nano.a(libc_a-stdio.o)
                0x08008dd2                __sclose
 .text._realloc_r
                0x08008dda       0x5c /Applications/STM32CubeIDE.app/Contents/Eclipse/plugins/com.st.stm32cube.ide.mcu.externaltools.gnu-tools-for-stm32.13.3.rel1.macos64_1.0.0.202411102158/tools/bin/../lib/gcc/arm-none-eabi/13.3.1/../../../../arm-none-eabi/lib/thumb/v7-m/nofp/libc_nano.a(libc_a-reallocr.o)
                0x08008dda                _realloc_r
 .text.memmove  0x08008e36       0x34 /Applications/STM32CubeIDE.app/Contents/Eclipse/plugins/com.st.stm32cube.ide.mcu.externaltools.gnu-tools-for-stm32.13.3.rel1.macos64_1.0.0.202411102158/tools/bin/../lib/gcc/arm-none-eabi/13.3.1/../../../../arm-none-eabi/lib/thumb/v7-m/nofp/libc_nano.a(libc_a-memmove.o)
                0x08008e36                memmove
 *fill*         0x08008e6a        0x2 
 .text._lseek_r
                0x08008e6c       0x24 /Applications/STM32CubeIDE.app/Contents/Eclipse/plugins/com.st.stm32cube.ide.mcu.externaltools.gnu-tools-for-stm32.13.3.rel1.macos64_1.0.0.202411102158/tools/bin/../lib/gcc/arm-none-eabi/13.3.1/../../../../arm-none-eabi/lib/thumb/v7-m/nofp/libc_nano.a(libc_a-lseekr.o)
                0x08008e6c                _lseek_r
 .text._read_r  0x08008e90       0x24 /Applications/STM32CubeIDE.app/Contents/Eclipse/plugins/com.st.stm32cube.ide.mcu.externaltools.gnu-tools-for-stm32.13.3.rel1.macos64_1.0.0.202411102158/tools/bin/../lib/gcc/arm-none-eabi/13.3.1/../../../../arm-none-eabi/lib/thumb/v7-m/nofp/libc_nano.a(libc_a-readr.o)
                0x08008e90                _read_r
 .text._write_r
                0x08008eb4       0x24 /Applications/STM32CubeIDE.app/Contents/Eclipse/plugins/com.st.stm32cube.ide.mcu.externaltools.gnu-tools-for-stm32.13.3.rel1.macos64_1.0.0.202411102158/tools/bin/../lib/gcc/arm-none-eabi/13.3.1/../../../../arm-none-eabi/lib/thumb/v7-m/nofp/libc_nano.a(libc_a-writer.o)
                0x08008eb4                _write_r
 .text._close_r
                0x08008ed8       0x20 /Applications/STM32CubeIDE.app/Contents/Eclipse/plugins/com.st.stm32cube.ide.mcu.externaltools.gnu-tools-for-stm32.13.3.rel1.macos64_1.0.0.202411102158/tools/bin/../lib/gcc/arm-none-eabi/13.3.1/../../../../arm-none-eabi/lib/thumb/v7-m/nofp/libc_nano.a(libc_a-closer.o)
                0x08008ed8                _close_r
 .text.memchr   0x08008ef8       0x1c /Applications/STM32CubeIDE.app/Contents/Eclipse/plugins/com.st.stm32cube.ide.mcu.externaltools.gnu-tools-for-stm32.13.3.rel1.macos64_1.0.0.202411102158/tools/bin/../lib/gcc/arm-none-eabi/13.3.1/../../../../arm-none-eabi/lib/thumb/v7-m/nofp/libc_nano.a(libc_a-memchr-stub.o)
                0x08008ef8                memchr
 .text._malloc_usable_size_r
                0x08008f14       0x10 /Applications/STM32CubeIDE.app/Contents/Eclipse/plugins/com.st.stm32cube.ide.mcu.externaltools.gnu-tools-for-stm32.13.3.rel1.macos64_1.0.0.202411102158/tools/bin/../lib/gcc/arm-none-eabi/13.3.1/../../../../arm-none-eabi/lib/thumb/v7-m/nofp/libc_nano.a(libc_a-msizer.o)
                0x08008f14                _malloc_usable_size_r
 *(.glue_7)
 .glue_7        0x08008f24        0x0 linker stubs
 *(.glue_7t)
 .glue_7t       0x08008f24        0x0 linker stubs
 *(.eh_frame)
 .eh_frame      0x08008f24        0x0 /Applications/STM32CubeIDE.app/Contents/Eclipse/plugins/com.st.stm32cube.ide.mcu.externaltools.gnu-tools-for-stm32.13.3.rel1.macos64_1.0.0.202411102158/tools/bin/../lib/gcc/arm-none-eabi/13.3.1/thumb/v7-m/nofp/crtbegin.o
 *(.init)
 .init          0x08008f24        0x4 /Applications/STM32CubeIDE.app/Contents/Eclipse/plugins/com.st.stm32cube.ide.mcu.externaltools.gnu-tools-for-stm32.13.3.rel1.macos64_1.0.0.202411102158/tools/bin/../lib/gcc/arm-none-eabi/13.3.1/thumb/v7-m/nofp/crti.o
                0x08008f24                _init
 .init          0x08008f28        0x8 /Applications/STM32CubeIDE.app/Contents/Eclipse/plugins/com.st.stm32cube.ide.mcu.externaltools.gnu-tools-for-stm32.13.3.rel1.macos64_1.0.0.202411102158/tools/bin/../lib/gcc/arm-none-eabi/13.3.1/thumb/v7-m/nofp/crtn.o
 *(.fini)
 .fini          0x08008f30        0x4 /Applications/STM32CubeIDE.app/Contents/Eclipse/plugins/com.st.stm32cube.ide.mcu.externaltools.gnu-tools-for-stm32.13.3.rel1.macos64_1.0.0.202411102158/tools/bin/../lib/gcc/arm-none-eabi/13.3.1/thumb/v7-m/nofp/crti.o
                0x08008f30                _fini
 .fini          0x08008f34        0x8 /Applications/STM32CubeIDE.app/Contents/Eclipse/plugins/com.st.stm32cube.ide.mcu.externaltools.gnu-tools-for-stm32.13.3.rel1.macos64_1.0.0.202411102158/tools/bin/../lib/gcc/arm-none-eabi/13.3.1/thumb/v7-m/nofp/crtn.o
                0x08008f3c                        . = ALIGN (0x4)
                0x08008f3c                        _etext = .

.vfp11_veneer   0x08008f3c        0x0
 .vfp11_veneer  0x08008f3c        0x0 linker stubs

.v4_bx          0x08008f3c        0x0
 .v4_bx         0x08008f3c        0x0 linker stubs

.iplt           0x08008f3c        0x0
 .iplt          0x08008f3c        0x0 /Applications/STM32CubeIDE.app/Contents/Eclipse/plugins/com.st.stm32cube.ide.mcu.externaltools.gnu-tools-for-stm32.13.3.rel1.macos64_1.0.0.202411102158/tools/bin/../lib/gcc/arm-none-eabi/13.3.1/thumb/v7-m/nofp/crtbegin.o

.rodata         0x08008f3c      0x52c
                0x08008f3c                        . = ALIGN (0x4)
 *(.rodata)
 .rodata        0x08008f3c       0x51 ./Core/Src/L6474.o
 *fill*         0x08008f8d        0x3 
 .rodata        0x08008f90      0x377 ./Core/Src/controller.o
 *(.rodata*)
 *fill*         0x08009307        0x1 
 .rodata.AHBPrescTable
                0x08009308       0x10 ./Core/Src/system_stm32f1xx.o
                0x08009308                AHBPrescTable
 .rodata.APBPrescTable
                0x08009318        0x8 ./Core/Src/system_stm32f1xx.o
                0x08009318                APBPrescTable
 .rodata.aPLLMULFactorTable.1
                0x08009320       0x10 ./Drivers/STM32F1xx_HAL_Driver/Src/stm32f1xx_hal_rcc.o
 .rodata.aPredivFactorTable.0
                0x08009330        0x2 ./Drivers/STM32F1xx_HAL_Driver/Src/stm32f1xx_hal_rcc.o
 .rodata._ctype_
                0x08009332      0x101 /Applications/STM32CubeIDE.app/Contents/Eclipse/plugins/com.st.stm32cube.ide.mcu.externaltools.gnu-tools-for-stm32.13.3.rel1.macos64_1.0.0.202411102158/tools/bin/../lib/gcc/arm-none-eabi/13.3.1/../../../../arm-none-eabi/lib/thumb/v7-m/nofp/libc_nano.a(libc_a-ctype_.o)
                0x08009332                _ctype_
 .rodata._svfprintf_r.str1.1
                0x08009433       0x33 /Applications/STM32CubeIDE.app/Contents/Eclipse/plugins/com.st.stm32cube.ide.mcu.externaltools.gnu-tools-for-stm32.13.3.rel1.macos64_1.0.0.202411102158/tools/bin/../lib/gcc/arm-none-eabi/13.3.1/../../../../arm-none-eabi/lib/thumb/v7-m/nofp/libc_nano.a(libc_a-nano-svfprintf.o)
                                 0x11 (size before relaxing)
 .rodata._vfprintf_r.str1.1
                0x08009466       0x11 /Applications/STM32CubeIDE.app/Contents/Eclipse/plugins/com.st.stm32cube.ide.mcu.externaltools.gnu-tools-for-stm32.13.3.rel1.macos64_1.0.0.202411102158/tools/bin/../lib/gcc/arm-none-eabi/13.3.1/../../../../arm-none-eabi/lib/thumb/v7-m/nofp/libc_nano.a(libc_a-nano-vfprintf.o)
 .rodata._printf_i.str1.1
                0x08009466       0x22 /Applications/STM32CubeIDE.app/Contents/Eclipse/plugins/com.st.stm32cube.ide.mcu.externaltools.gnu-tools-for-stm32.13.3.rel1.macos64_1.0.0.202411102158/tools/bin/../lib/gcc/arm-none-eabi/13.3.1/../../../../arm-none-eabi/lib/thumb/v7-m/nofp/libc_nano.a(libc_a-nano-vfprintf_i.o)
                0x08009488                        . = ALIGN (0x4)
 *fill*         0x08009466        0x2 

.ARM.extab      0x08009468        0x0
                0x08009468                        . = ALIGN (0x4)
 *(.ARM.extab* .gnu.linkonce.armextab.*)
                0x08009468                        . = ALIGN (0x4)

.ARM            0x08009468        0x8
                0x08009468                        . = ALIGN (0x4)
                0x08009468                        __exidx_start = .
 *(.ARM.exidx*)
 .ARM.exidx     0x08009468        0x8 /Applications/STM32CubeIDE.app/Contents/Eclipse/plugins/com.st.stm32cube.ide.mcu.externaltools.gnu-tools-for-stm32.13.3.rel1.macos64_1.0.0.202411102158/tools/bin/../lib/gcc/arm-none-eabi/13.3.1/../../../../arm-none-eabi/lib/thumb/v7-m/nofp/libc_nano.a(libc_a-strlen.o)
                0x08009470                        __exidx_end = .
                0x08009470                        . = ALIGN (0x4)

.preinit_array  0x08009470        0x0
                0x08009470                        . = ALIGN (0x4)
                0x08009470                        PROVIDE (__preinit_array_start = .)
 *(.preinit_array*)
                0x08009470                        PROVIDE (__preinit_array_end = .)
                0x08009470                        . = ALIGN (0x4)

.init_array     0x08009470        0x4
                0x08009470                        . = ALIGN (0x4)
                0x08009470                        PROVIDE (__init_array_start = .)
 *(SORT_BY_NAME(.init_array.*))
 *(.init_array*)
 .init_array    0x08009470        0x4 /Applications/STM32CubeIDE.app/Contents/Eclipse/plugins/com.st.stm32cube.ide.mcu.externaltools.gnu-tools-for-stm32.13.3.rel1.macos64_1.0.0.202411102158/tools/bin/../lib/gcc/arm-none-eabi/13.3.1/thumb/v7-m/nofp/crtbegin.o
                0x08009474                        PROVIDE (__init_array_end = .)
                0x08009474                        . = ALIGN (0x4)

.fini_array     0x08009474        0x4
                0x08009474                        . = ALIGN (0x4)
                [!provide]                        PROVIDE (__fini_array_start = .)
 *(SORT_BY_NAME(.fini_array.*))
 *(.fini_array*)
 .fini_array    0x08009474        0x4 /Applications/STM32CubeIDE.app/Contents/Eclipse/plugins/com.st.stm32cube.ide.mcu.externaltools.gnu-tools-for-stm32.13.3.rel1.macos64_1.0.0.202411102158/tools/bin/../lib/gcc/arm-none-eabi/13.3.1/thumb/v7-m/nofp/crtbegin.o
                [!provide]                        PROVIDE (__fini_array_end = .)
                0x08009478                        . = ALIGN (0x4)
                0x08009478                        _sidata = LOADADDR (.data)

.rel.dyn        0x08009478        0x0
 .rel.iplt      0x08009478        0x0 /Applications/STM32CubeIDE.app/Contents/Eclipse/plugins/com.st.stm32cube.ide.mcu.externaltools.gnu-tools-for-stm32.13.3.rel1.macos64_1.0.0.202411102158/tools/bin/../lib/gcc/arm-none-eabi/13.3.1/thumb/v7-m/nofp/crtbegin.o

.data           0x20000000       0xa4 load address 0x08009478
                0x20000000                        . = ALIGN (0x4)
                0x20000000                        _sdata = .
 *(.data)
 *(.data*)
 .data.local_ip
                0x20000000        0x4 ./Core/Src/controller.o
                0x20000000                local_ip
 .data.init     0x20000004       0x30 ./Core/Src/controller.o
                0x20000004                init
 .data.wwwport_l
                0x20000034        0x1 ./Core/Src/ip_arp_udp_tcp.o
 .data.waitgwmac
                0x20000035        0x1 ./Core/Src/ip_arp_udp_tcp.o
                0x20000035                waitgwmac
 *fill*         0x20000036        0x2 
 .data.wTransferState
                0x20000038        0x4 ./Core/Src/main.o
                0x20000038                wTransferState
 .data.SystemCoreClock
                0x2000003c        0x4 ./Core/Src/system_stm32f1xx.o
                0x2000003c                SystemCoreClock
 .data.uwTickPrio
                0x20000040        0x4 ./Drivers/STM32F1xx_HAL_Driver/Src/stm32f1xx_hal.o
                0x20000040                uwTickPrio
 .data.uwTickFreq
                0x20000044        0x1 ./Drivers/STM32F1xx_HAL_Driver/Src/stm32f1xx_hal.o
                0x20000044                uwTickFreq
 *fill*         0x20000045        0x3 
 .data.__sglue  0x20000048        0xc /Applications/STM32CubeIDE.app/Contents/Eclipse/plugins/com.st.stm32cube.ide.mcu.externaltools.gnu-tools-for-stm32.13.3.rel1.macos64_1.0.0.202411102158/tools/bin/../lib/gcc/arm-none-eabi/13.3.1/../../../../arm-none-eabi/lib/thumb/v7-m/nofp/libc_nano.a(libc_a-findfp.o)
                0x20000048                __sglue
 .data._impure_ptr
                0x20000054        0x4 /Applications/STM32CubeIDE.app/Contents/Eclipse/plugins/com.st.stm32cube.ide.mcu.externaltools.gnu-tools-for-stm32.13.3.rel1.macos64_1.0.0.202411102158/tools/bin/../lib/gcc/arm-none-eabi/13.3.1/../../../../arm-none-eabi/lib/thumb/v7-m/nofp/libc_nano.a(libc_a-impure.o)
                0x20000054                _impure_ptr
 .data._impure_data
                0x20000058       0x4c /Applications/STM32CubeIDE.app/Contents/Eclipse/plugins/com.st.stm32cube.ide.mcu.externaltools.gnu-tools-for-stm32.13.3.rel1.macos64_1.0.0.202411102158/tools/bin/../lib/gcc/arm-none-eabi/13.3.1/../../../../arm-none-eabi/lib/thumb/v7-m/nofp/libc_nano.a(libc_a-impure.o)
                0x20000058                _impure_data
 *(.RamFunc)
 *(.RamFunc*)
                0x200000a4                        . = ALIGN (0x4)
                0x200000a4                        _edata = .

.igot.plt       0x200000a4        0x0 load address 0x0800951c
 .igot.plt      0x200000a4        0x0 /Applications/STM32CubeIDE.app/Contents/Eclipse/plugins/com.st.stm32cube.ide.mcu.externaltools.gnu-tools-for-stm32.13.3.rel1.macos64_1.0.0.202411102158/tools/bin/../lib/gcc/arm-none-eabi/13.3.1/thumb/v7-m/nofp/crtbegin.o
                0x200000a4                        . = ALIGN (0x4)

.bss            0x200000a4      0x540 load address 0x0800951c
                0x200000a4                        _sbss = .
                0x200000a4                        __bss_start__ = _sbss
 *(.bss)
 .bss           0x200000a4       0x1c /Applications/STM32CubeIDE.app/Contents/Eclipse/plugins/com.st.stm32cube.ide.mcu.externaltools.gnu-tools-for-stm32.13.3.rel1.macos64_1.0.0.202411102158/tools/bin/../lib/gcc/arm-none-eabi/13.3.1/thumb/v7-m/nofp/crtbegin.o
 *(.bss*)
 .bss.number_of_devices
                0x200000c0        0x1 ./Core/Src/L6474.o
 *fill*         0x200000c1        0x3 
 .bss.spi_tx_bursts
                0x200000c4        0xc ./Core/Src/L6474.o
 .bss.spi_rx_bursts
                0x200000d0        0xc ./Core/Src/L6474.o
 .bss.spi_preemtion_by_isr
                0x200000dc        0x4 ./Core/Src/L6474.o
 .bss.isr_flag  0x200000e0        0x4 ./Core/Src/L6474.o
 .bss.buf       0x200000e4      0x1f5 ./Core/Src/controller.o
 *fill*         0x200002d9        0x3 
 .bss.motor     0x200002dc        0x4 ./Core/Src/controller.o
                0x200002dc                motor
 .bss.Enc28j60Bank
                0x200002e0        0x1 ./Core/Src/enc28j60.o
 *fill*         0x200002e1        0x1 
 .bss.gNextPacketPtr
                0x200002e2        0x2 ./Core/Src/enc28j60.o
 .bss.erxfcon   0x200002e4        0x1 ./Core/Src/enc28j60.o
 *fill*         0x200002e5        0x3 
 .bss.hspi      0x200002e8        0x4 ./Core/Src/enc28j60.o
 .bss.wwwport_h
                0x200002ec        0x1 ./Core/Src/ip_arp_udp_tcp.o
 *fill*         0x200002ed        0x3 
 .bss.icmp_callback
                0x200002f0        0x4 ./Core/Src/ip_arp_udp_tcp.o
                0x200002f0                icmp_callback
 .bss.gwip      0x200002f4        0x4 ./Core/Src/ip_arp_udp_tcp.o
 .bss.gwmacaddr
                0x200002f8        0x6 ./Core/Src/ip_arp_udp_tcp.o
 *fill*         0x200002fe        0x2 
 .bss.macaddr   0x20000300        0x6 ./Core/Src/ip_arp_udp_tcp.o
                0x20000300                macaddr
 *fill*         0x20000306        0x2 
 .bss.ipaddr    0x20000308        0x4 ./Core/Src/ip_arp_udp_tcp.o
                0x20000308                ipaddr
 .bss.info_data_len
                0x2000030c        0x2 ./Core/Src/ip_udp.o
 *fill*         0x2000030e        0x2 
 .bss.hspi1     0x20000310       0x58 ./Core/Src/main.o
                0x20000310                hspi1
 .bss.hdma_spi1_rx
                0x20000368       0x44 ./Core/Src/main.o
                0x20000368                hdma_spi1_rx
 .bss.hdma_spi1_tx
                0x200003ac       0x44 ./Core/Src/main.o
                0x200003ac                hdma_spi1_tx
 .bss.htim3     0x200003f0       0x48 ./Core/Src/main.o
                0x200003f0                htim3
 .bss.huart2    0x20000438       0x48 ./Core/Src/main.o
                0x20000438                huart2
 .bss.irqHandlers
                0x20000480       0x10 ./Core/Src/stm32f1xx_it.o
                0x20000480                irqHandlers
 .bss.__sbrk_heap_end
                0x20000490        0x4 ./Core/Src/sysmem.o
 .bss.uwTick    0x20000494        0x4 ./Drivers/STM32F1xx_HAL_Driver/Src/stm32f1xx_hal.o
                0x20000494                uwTick
 .bss.__malloc_sbrk_start
                0x20000498        0x4 /Applications/STM32CubeIDE.app/Contents/Eclipse/plugins/com.st.stm32cube.ide.mcu.externaltools.gnu-tools-for-stm32.13.3.rel1.macos64_1.0.0.202411102158/tools/bin/../lib/gcc/arm-none-eabi/13.3.1/../../../../arm-none-eabi/lib/thumb/v7-m/nofp/libc_nano.a(libc_a-mallocr.o)
                0x20000498                __malloc_sbrk_start
 .bss.__malloc_free_list
                0x2000049c        0x4 /Applications/STM32CubeIDE.app/Contents/Eclipse/plugins/com.st.stm32cube.ide.mcu.externaltools.gnu-tools-for-stm32.13.3.rel1.macos64_1.0.0.202411102158/tools/bin/../lib/gcc/arm-none-eabi/13.3.1/../../../../arm-none-eabi/lib/thumb/v7-m/nofp/libc_nano.a(libc_a-mallocr.o)
                0x2000049c                __malloc_free_list
 .bss.__sf      0x200004a0      0x138 /Applications/STM32CubeIDE.app/Contents/Eclipse/plugins/com.st.stm32cube.ide.mcu.externaltools.gnu-tools-for-stm32.13.3.rel1.macos64_1.0.0.202411102158/tools/bin/../lib/gcc/arm-none-eabi/13.3.1/../../../../arm-none-eabi/lib/thumb/v7-m/nofp/libc_nano.a(libc_a-findfp.o)
                0x200004a0                __sf
 .bss.__stdio_exit_handler
                0x200005d8        0x4 /Applications/STM32CubeIDE.app/Contents/Eclipse/plugins/com.st.stm32cube.ide.mcu.externaltools.gnu-tools-for-stm32.13.3.rel1.macos64_1.0.0.202411102158/tools/bin/../lib/gcc/arm-none-eabi/13.3.1/../../../../arm-none-eabi/lib/thumb/v7-m/nofp/libc_nano.a(libc_a-findfp.o)
                0x200005d8                __stdio_exit_handler
 .bss.__lock___malloc_recursive_mutex
                0x200005dc        0x1 /Applications/STM32CubeIDE.app/Contents/Eclipse/plugins/com.st.stm32cube.ide.mcu.externaltools.gnu-tools-for-stm32.13.3.rel1.macos64_1.0.0.202411102158/tools/bin/../lib/gcc/arm-none-eabi/13.3.1/../../../../arm-none-eabi/lib/thumb/v7-m/nofp/libc_nano.a(libc_a-lock.o)
                0x200005dc                __lock___malloc_recursive_mutex
 .bss.__lock___sfp_recursive_mutex
                0x200005dd        0x1 /Applications/STM32CubeIDE.app/Contents/Eclipse/plugins/com.st.stm32cube.ide.mcu.externaltools.gnu-tools-for-stm32.13.3.rel1.macos64_1.0.0.202411102158/tools/bin/../lib/gcc/arm-none-eabi/13.3.1/../../../../arm-none-eabi/lib/thumb/v7-m/nofp/libc_nano.a(libc_a-lock.o)
                0x200005dd                __lock___sfp_recursive_mutex
 *fill*         0x200005de        0x2 
 .bss.errno     0x200005e0        0x4 /Applications/STM32CubeIDE.app/Contents/Eclipse/plugins/com.st.stm32cube.ide.mcu.externaltools.gnu-tools-for-stm32.13.3.rel1.macos64_1.0.0.202411102158/tools/bin/../lib/gcc/arm-none-eabi/13.3.1/../../../../arm-none-eabi/lib/thumb/v7-m/nofp/libc_nano.a(libc_a-reent.o)
                0x200005e0                errno
 *(COMMON)
                0x200005e4                        . = ALIGN (0x4)
                0x200005e4                        _ebss = .
                0x200005e4                        __bss_end__ = _ebss

._user_heap_stack
                0x200005e4      0x604 load address 0x0800951c
                0x200005e8                        . = ALIGN (0x8)
 *fill*         0x200005e4        0x4 
                [!provide]                        PROVIDE (end = .)
                0x200005e8                        PROVIDE (_end = .)
                0x200007e8                        . = (. + _Min_Heap_Size)
 *fill*         0x200005e8      0x200 
                0x20000be8                        . = (. + _Min_Stack_Size)
 *fill*         0x200007e8      0x400 
                0x20000be8                        . = ALIGN (0x8)

/DISCARD/
 libc.a(*)
 libm.a(*)
 libgcc.a(*)

.ARM.attributes
                0x00000000       0x29
 *(.ARM.attributes)
 .ARM.attributes
                0x00000000       0x1d /Applications/STM32CubeIDE.app/Contents/Eclipse/plugins/com.st.stm32cube.ide.mcu.externaltools.gnu-tools-for-stm32.13.3.rel1.macos64_1.0.0.202411102158/tools/bin/../lib/gcc/arm-none-eabi/13.3.1/thumb/v7-m/nofp/crti.o
 .ARM.attributes
                0x0000001d       0x2d /Applications/STM32CubeIDE.app/Contents/Eclipse/plugins/com.st.stm32cube.ide.mcu.externaltools.gnu-tools-for-stm32.13.3.rel1.macos64_1.0.0.202411102158/tools/bin/../lib/gcc/arm-none-eabi/13.3.1/thumb/v7-m/nofp/crtbegin.o
 .ARM.attributes
                0x0000004a       0x2d ./Core/Src/EtherShield.o
 .ARM.attributes
                0x00000077       0x2d ./Core/Src/L6474.o
 .ARM.attributes
                0x000000a4       0x2d ./Core/Src/controller.o
 .ARM.attributes
                0x000000d1       0x2d ./Core/Src/enc28j60.o
 .ARM.attributes
                0x000000fe       0x2d ./Core/Src/ip_arp_udp_tcp.o
 .ARM.attributes
                0x0000012b       0x2d ./Core/Src/ip_udp.o
 .ARM.attributes
                0x00000158       0x2d ./Core/Src/main.o
 .ARM.attributes
                0x00000185       0x2d ./Core/Src/pwm.o
 .ARM.attributes
                0x000001b2       0x2d ./Core/Src/stm32f1xx_hal_msp.o
 .ARM.attributes
                0x000001df       0x2d ./Core/Src/stm32f1xx_it.o
 .ARM.attributes
                0x0000020c       0x2d ./Core/Src/syscalls.o
 .ARM.attributes
                0x00000239       0x2d ./Core/Src/sysmem.o
 .ARM.attributes
                0x00000266       0x2d ./Core/Src/system_stm32f1xx.o
 .ARM.attributes
                0x00000293       0x21 ./Core/Startup/startup_stm32f103rbtx.o
 .ARM.attributes
                0x000002b4       0x2d ./Drivers/STM32F1xx_HAL_Driver/Src/stm32f1xx_hal.o
 .ARM.attributes
                0x000002e1       0x2d ./Drivers/STM32F1xx_HAL_Driver/Src/stm32f1xx_hal_cortex.o
 .ARM.attributes
                0x0000030e       0x2d ./Drivers/STM32F1xx_HAL_Driver/Src/stm32f1xx_hal_dma.o
 .ARM.attributes
                0x0000033b       0x2d ./Drivers/STM32F1xx_HAL_Driver/Src/stm32f1xx_hal_gpio.o
 .ARM.attributes
                0x00000368       0x2d ./Drivers/STM32F1xx_HAL_Driver/Src/stm32f1xx_hal_rcc.o
 .ARM.attributes
                0x00000395       0x2d ./Drivers/STM32F1xx_HAL_Driver/Src/stm32f1xx_hal_spi.o
 .ARM.attributes
                0x000003c2       0x2d ./Drivers/STM32F1xx_HAL_Driver/Src/stm32f1xx_hal_tim.o
 .ARM.attributes
                0x000003ef       0x2d ./Drivers/STM32F1xx_HAL_Driver/Src/stm32f1xx_hal_tim_ex.o
 .ARM.attributes
                0x0000041c       0x2d ./Drivers/STM32F1xx_HAL_Driver/Src/stm32f1xx_hal_uart.o
 .ARM.attributes
                0x00000449       0x2d /Applications/STM32CubeIDE.app/Contents/Eclipse/plugins/com.st.stm32cube.ide.mcu.externaltools.gnu-tools-for-stm32.13.3.rel1.macos64_1.0.0.202411102158/tools/bin/../lib/gcc/arm-none-eabi/13.3.1/../../../../arm-none-eabi/lib/thumb/v7-m/nofp/libc_nano.a(libc_a-atol.o)
 .ARM.attributes
                0x00000476       0x2d /Applications/STM32CubeIDE.app/Contents/Eclipse/plugins/com.st.stm32cube.ide.mcu.externaltools.gnu-tools-for-stm32.13.3.rel1.macos64_1.0.0.202411102158/tools/bin/../lib/gcc/arm-none-eabi/13.3.1/../../../../arm-none-eabi/lib/thumb/v7-m/nofp/libc_nano.a(libc_a-exit.o)
 .ARM.attributes
                0x000004a3       0x2d /Applications/STM32CubeIDE.app/Contents/Eclipse/plugins/com.st.stm32cube.ide.mcu.externaltools.gnu-tools-for-stm32.13.3.rel1.macos64_1.0.0.202411102158/tools/bin/../lib/gcc/arm-none-eabi/13.3.1/../../../../arm-none-eabi/lib/thumb/v7-m/nofp/libc_nano.a(libc_a-malloc.o)
 .ARM.attributes
                0x000004d0       0x2d /Applications/STM32CubeIDE.app/Contents/Eclipse/plugins/com.st.stm32cube.ide.mcu.externaltools.gnu-tools-for-stm32.13.3.rel1.macos64_1.0.0.202411102158/tools/bin/../lib/gcc/arm-none-eabi/13.3.1/../../../../arm-none-eabi/lib/thumb/v7-m/nofp/libc_nano.a(libc_a-mallocr.o)
 .ARM.attributes
                0x000004fd       0x2d /Applications/STM32CubeIDE.app/Contents/Eclipse/plugins/com.st.stm32cube.ide.mcu.externaltools.gnu-tools-for-stm32.13.3.rel1.macos64_1.0.0.202411102158/tools/bin/../lib/gcc/arm-none-eabi/13.3.1/../../../../arm-none-eabi/lib/thumb/v7-m/nofp/libc_nano.a(libc_a-setvbuf.o)
 .ARM.attributes
                0x0000052a       0x2d /Applications/STM32CubeIDE.app/Contents/Eclipse/plugins/com.st.stm32cube.ide.mcu.externaltools.gnu-tools-for-stm32.13.3.rel1.macos64_1.0.0.202411102158/tools/bin/../lib/gcc/arm-none-eabi/13.3.1/../../../../arm-none-eabi/lib/thumb/v7-m/nofp/libc_nano.a(libc_a-mlock.o)
 .ARM.attributes
                0x00000557       0x2d /Applications/STM32CubeIDE.app/Contents/Eclipse/plugins/com.st.stm32cube.ide.mcu.externaltools.gnu-tools-for-stm32.13.3.rel1.macos64_1.0.0.202411102158/tools/bin/../lib/gcc/arm-none-eabi/13.3.1/../../../../arm-none-eabi/lib/thumb/v7-m/nofp/libc_nano.a(libc_a-sprintf.o)
 .ARM.attributes
                0x00000584       0x2d /Applications/STM32CubeIDE.app/Contents/Eclipse/plugins/com.st.stm32cube.ide.mcu.externaltools.gnu-tools-for-stm32.13.3.rel1.macos64_1.0.0.202411102158/tools/bin/../lib/gcc/arm-none-eabi/13.3.1/../../../../arm-none-eabi/lib/thumb/v7-m/nofp/libc_nano.a(libc_a-findfp.o)
 .ARM.attributes
                0x000005b1       0x2d /Applications/STM32CubeIDE.app/Contents/Eclipse/plugins/com.st.stm32cube.ide.mcu.externaltools.gnu-tools-for-stm32.13.3.rel1.macos64_1.0.0.202411102158/tools/bin/../lib/gcc/arm-none-eabi/13.3.1/../../../../arm-none-eabi/lib/thumb/v7-m/nofp/libc_nano.a(libc_a-fputs.o)
 .ARM.attributes
                0x000005de       0x2d /Applications/STM32CubeIDE.app/Contents/Eclipse/plugins/com.st.stm32cube.ide.mcu.externaltools.gnu-tools-for-stm32.13.3.rel1.macos64_1.0.0.202411102158/tools/bin/../lib/gcc/arm-none-eabi/13.3.1/../../../../arm-none-eabi/lib/thumb/v7-m/nofp/libc_nano.a(libc_a-wbuf.o)
 .ARM.attributes
                0x0000060b       0x2d /Applications/STM32CubeIDE.app/Contents/Eclipse/plugins/com.st.stm32cube.ide.mcu.externaltools.gnu-tools-for-stm32.13.3.rel1.macos64_1.0.0.202411102158/tools/bin/../lib/gcc/arm-none-eabi/13.3.1/../../../../arm-none-eabi/lib/thumb/v7-m/nofp/libc_nano.a(libc_a-strtol.o)
 .ARM.attributes
                0x00000638       0x2d /Applications/STM32CubeIDE.app/Contents/Eclipse/plugins/com.st.stm32cube.ide.mcu.externaltools.gnu-tools-for-stm32.13.3.rel1.macos64_1.0.0.202411102158/tools/bin/../lib/gcc/arm-none-eabi/13.3.1/../../../../arm-none-eabi/lib/thumb/v7-m/nofp/libc_nano.a(libc_a-wsetup.o)
 .ARM.attributes
                0x00000665       0x2d /Applications/STM32CubeIDE.app/Contents/Eclipse/plugins/com.st.stm32cube.ide.mcu.externaltools.gnu-tools-for-stm32.13.3.rel1.macos64_1.0.0.202411102158/tools/bin/../lib/gcc/arm-none-eabi/13.3.1/../../../../arm-none-eabi/lib/thumb/v7-m/nofp/libc_nano.a(libc_a-fwalk.o)
 .ARM.attributes
                0x00000692       0x2d /Applications/STM32CubeIDE.app/Contents/Eclipse/plugins/com.st.stm32cube.ide.mcu.externaltools.gnu-tools-for-stm32.13.3.rel1.macos64_1.0.0.202411102158/tools/bin/../lib/gcc/arm-none-eabi/13.3.1/../../../../arm-none-eabi/lib/thumb/v7-m/nofp/libc_nano.a(libc_a-fwrite.o)
 .ARM.attributes
                0x000006bf       0x2d /Applications/STM32CubeIDE.app/Contents/Eclipse/plugins/com.st.stm32cube.ide.mcu.externaltools.gnu-tools-for-stm32.13.3.rel1.macos64_1.0.0.202411102158/tools/bin/../lib/gcc/arm-none-eabi/13.3.1/../../../../arm-none-eabi/lib/thumb/v7-m/nofp/libc_nano.a(libc_a-makebuf.o)
 .ARM.attributes
                0x000006ec       0x2d /Applications/STM32CubeIDE.app/Contents/Eclipse/plugins/com.st.stm32cube.ide.mcu.externaltools.gnu-tools-for-stm32.13.3.rel1.macos64_1.0.0.202411102158/tools/bin/../lib/gcc/arm-none-eabi/13.3.1/../../../../arm-none-eabi/lib/thumb/v7-m/nofp/libc_nano.a(libc_a-printf.o)
 .ARM.attributes
                0x00000719       0x2d /Applications/STM32CubeIDE.app/Contents/Eclipse/plugins/com.st.stm32cube.ide.mcu.externaltools.gnu-tools-for-stm32.13.3.rel1.macos64_1.0.0.202411102158/tools/bin/../lib/gcc/arm-none-eabi/13.3.1/../../../../arm-none-eabi/lib/thumb/v7-m/nofp/libc_nano.a(libc_a-puts.o)
 .ARM.attributes