../Core/Src/enc28j60.c:11:6:enc28j60_set_spi	16	static
../Core/Src/enc28j60.c:17:15:ENC28J60_SendByte	32	static
../Core/Src/enc28j60.c:33:9:enc28j60ReadOp	24	static
../Core/Src/enc28j60.c:48:6:enc28j60WriteOp	16	static
../Core/Src/enc28j60.c:56:6:enc28j60PowerDown	8	static
../Core/Src/enc28j60.c:63:6:enc28j60PowerUp	8	static
../Core/Src/enc28j60.c:69:6:enc28j60ReadBuffer	24	static
../Core/Src/enc28j60.c:81:17:enc28j60ReadBufferWord	16	static
../Core/Src/enc28j60.c:88:6:enc28j60WriteBuffer	16	static
../Core/Src/enc28j60.c:98:6:enc28j60SetBank	16	static
../Core/Src/enc28j60.c:107:9:enc28j60Read	16	static
../Core/Src/enc28j60.c:115:6:enc28j60WriteWord	16	static
../Core/Src/enc28j60.c:121:10:enc28j60PhyReadH	16	static
../Core/Src/enc28j60.c:138:6:enc28j60Write	16	static
../Core/Src/enc28j60.c:147:6:enc28j60PhyWrite	16	static
../Core/Src/enc28j60.c:168:6:enc28j60clkout	16	static
../Core/Src/enc28j60.c:174:6:enc28j60Init	16	static
../Core/Src/enc28j60.c:255:9:enc28j60getrev	16	static
../Core/Src/enc28j60.c:268:6:enc28j60EnableBroadcast	8	static
../Core/Src/enc28j60.c:273:6:enc28j60DisableBroadcast	8	static
../Core/Src/enc28j60.c:278:6:enc28j60EnableMulticast	8	static
../Core/Src/enc28j60.c:283:6:enc28j60DisableMulticast	8	static
../Core/Src/enc28j60.c:290:9:enc28j60linkup	8	static
../Core/Src/enc28j60.c:296:6:enc28j60PacketSend	16	static
../Core/Src/enc28j60.c:314:10:enc28j60PacketReceive	24	static
