../Core/Src/EtherShield.c:66:6:ES_enc28j60SpiInit	16	static
../Core/Src/EtherShield.c:76:6:ES_enc28j60Init	24	static
../Core/Src/EtherShield.c:101:6:ES_enc28j60clkout	16	static
../Core/Src/EtherShield.c:105:9:ES_enc28j60linkup	8	static
../Core/Src/EtherShield.c:109:6:ES_enc28j60EnableBroadcast	8	static
../Core/Src/EtherShield.c:113:6:ES_enc28j60DisableBroadcast	8	static
../Core/Src/EtherShield.c:117:6:ES_enc28j60EnableMulticast	8	static
../Core/Src/EtherShield.c:121:6:ES_enc28j60DisableMulticast	8	static
../Core/Src/EtherShield.c:125:9:ES_enc28j60Read	16	static
../Core/Src/EtherShield.c:129:9:ES_enc28j60Revision	8	static
../Core/Src/EtherShield.c:133:6:ES_enc28j60PhyWrite	16	static
../Core/Src/EtherShield.c:137:10:ES_enc28j60PacketReceive	16	static
../Core/Src/EtherShield.c:141:6:ES_enc28j60PacketSend	16	static
../Core/Src/EtherShield.c:145:6:ES_init_ip_arp_udp_tcp	24	static
../Core/Src/EtherShield.c:149:9:ES_eth_type_is_arp_and_my_ip	16	static
../Core/Src/EtherShield.c:153:9:ES_eth_type_is_ip_and_my_ip	16	static
../Core/Src/EtherShield.c:157:6:ES_make_echo_reply_from_request	16	static
../Core/Src/EtherShield.c:161:6:ES_make_tcp_synack_from_syn	16	static
../Core/Src/EtherShield.c:165:6:ES_make_tcp_ack_from_any	16	static
../Core/Src/EtherShield.c:169:6:ES_make_tcp_ack_with_data	16	static
../Core/Src/EtherShield.c:173:6:ES_make_tcp_ack_with_data_noflags	16	static
../Core/Src/EtherShield.c:177:10:ES_build_tcp_data	16	static
../Core/Src/EtherShield.c:181:6:ES_send_tcp_data	16	static
../Core/Src/EtherShield.c:185:6:ES_send_udp_data2	32	static
../Core/Src/EtherShield.c:193:6:ES_send_udp_data1	24	static
../Core/Src/EtherShield.c:198:6:ES_init_len_info	16	static
../Core/Src/EtherShield.c:206:10:ES_checksum	16	static
../Core/Src/EtherShield.c:211:6:ES_fill_ip_hdr_checksum	16	static
../Core/Src/EtherShield.c:215:10:ES_get_tcp_data_pointer	8	static
../Core/Src/EtherShield.c:219:10:ES_packetloop_icmp_tcp	16	static
../Core/Src/EtherShield.c:227:10:ES_fill_tcp_data	24	static
../Core/Src/EtherShield.c:231:10:ES_fill_tcp_data_len	24	static
../Core/Src/EtherShield.c:235:6:ES_www_server_reply	16	static
../Core/Src/EtherShield.c:239:9:ES_client_store_gw_mac	16	static
../Core/Src/EtherShield.c:243:6:ES_client_set_gwip	16	static
../Core/Src/EtherShield.c:247:6:ES_client_set_wwwip	16	static
../Core/Src/EtherShield.c:252:6:ES_client_tcp_set_serverip	16	static
../Core/Src/EtherShield.c:256:6:ES_client_arp_whohas	16	static
../Core/Src/EtherShield.c:303:6:ES_register_ping_rec_callback	16	static
../Core/Src/EtherShield.c:308:6:ES_client_icmp_request	16	static
../Core/Src/EtherShield.c:312:9:ES_packetloop_icmp_checkreply	16	static
../Core/Src/EtherShield.c:325:9:ES_find_key_val	24	static
../Core/Src/EtherShield.c:329:6:ES_urldecode	16	static
../Core/Src/EtherShield.c:336:6:ES_urlencode	16	static
../Core/Src/EtherShield.c:341:9:ES_parse_ip	16	static
../Core/Src/EtherShield.c:345:6:ES_mk_net_str	32	static
../Core/Src/EtherShield.c:349:9:ES_client_waiting_gw	8	static
../Core/Src/EtherShield.c:511:6:ES_enc28j60PowerUp	8	static
../Core/Src/EtherShield.c:515:6:ES_enc28j60PowerDown	8	static
../Core/Src/EtherShield.c:521:9:ES_nextTcpState	16	static
../Core/Src/EtherShield.c:525:9:ES_currentTcpState	8	static
../Core/Src/EtherShield.c:529:9:ES_tcpActiveOpen	32	static
../Core/Src/EtherShield.c:536:6:ES_tcpPassiveOpen	16	static
../Core/Src/EtherShield.c:540:6:ES_tcpClose	16	static
../Core/Src/EtherShield.c:544:5:ES_readMacAddr	24	static
