../Core/Src/ip_arp_udp_tcp.c:42:9:eth_type_is_arp_reply	16	static
../Core/Src/ip_arp_udp_tcp.c:47:9:eth_type_is_arp_req	16	static
../Core/Src/ip_arp_udp_tcp.c:51:10:get_udp_data_len	24	static
../Core/Src/ip_arp_udp_tcp.c:63:10:checksum	24	static
../Core/Src/ip_arp_udp_tcp.c:106:6:init_ip_arp_udp_tcp	24	static
../Core/Src/ip_arp_udp_tcp.c:114:9:check_ip_message_is_from	16	static
../Core/Src/ip_arp_udp_tcp.c:119:9:eth_type_is_arp_and_my_ip	16	static
../Core/Src/ip_arp_udp_tcp.c:137:9:eth_type_is_ip_and_my_ip	16	static
../Core/Src/ip_arp_udp_tcp.c:157:6:make_eth	16	static
../Core/Src/ip_arp_udp_tcp.c:165:6:make_eth_ip_new	16	static
../Core/Src/ip_arp_udp_tcp.c:175:6:fill_ip_hdr_checksum	24	static
../Core/Src/ip_arp_udp_tcp.c:190:6:make_ip	16	static
../Core/Src/ip_arp_udp_tcp.c:197:6:make_arp_answer_from_request	16	static
../Core/Src/ip_arp_udp_tcp.c:214:6:step_seq	24	static
../Core/Src/ip_arp_udp_tcp.c:236:6:make_echo_reply_from_request	16	static
../Core/Src/ip_arp_udp_tcp.c:252:6:make_udp_reply_from_request	32	static
../Core/Src/ip_arp_udp_tcp.c:287:6:make_tcp_synack_from_syn	24	static
../Core/Src/ip_arp_udp_tcp.c:331:6:fill_buf_p	24	static
../Core/Src/ip_arp_udp_tcp.c:340:6:client_icmp_request	24	static
../Core/Src/ip_arp_udp_tcp.c:376:6:send_udp_prepare	24	static
../Core/Src/ip_arp_udp_tcp.c:405:6:send_udp_transmit	24	static
../Core/Src/ip_arp_udp_tcp.c:422:6:send_udp	24	static
../Core/Src/ip_arp_udp_tcp.c:436:6:client_arp_whohas	16	static
../Core/Src/ip_arp_udp_tcp.c:457:9:client_waiting_gw	4	static
../Core/Src/ip_arp_udp_tcp.c:467:9:client_store_gw_mac	16	static
../Core/Src/ip_arp_udp_tcp.c:477:6:client_gw_arp_refresh	4	static
../Core/Src/ip_arp_udp_tcp.c:483:6:client_set_gwip	16	static
../Core/Src/ip_arp_udp_tcp.c:489:6:client_tcp_set_serverip	16	static
../Core/Src/ip_arp_udp_tcp.c:494:6:register_ping_rec_callback	16	static
../Core/Src/ip_arp_udp_tcp.c:500:9:packetloop_icmp_checkreply	16	static
../Core/Src/ip_arp_udp_tcp.c:513:10:if_plen_eq_0	16	static
../Core/Src/ip_arp_udp_tcp.c:526:10:if_eth_type_is_arp_and_my_ip	16	static
../Core/Src/ip_arp_udp_tcp.c:544:10:if_proto_icmp_and_icmp_type_echorequest_b	16	static
../Core/Src/ip_arp_udp_tcp.c:555:10:packetloop_icmp_tcp	16	static
