../Core/Src/main.c:81:5:main	16	static
../Core/Src/main.c:162:6:SystemClock_Config	72	static
../Core/Src/main.c:199:13:MX_SPI1_Init	8	static
../Core/Src/main.c:237:13:MX_TIM3_Init	48	static
../Core/Src/main.c:286:13:MX_USART2_UART_Init	8	static
../Core/Src/main.c:317:13:MX_DMA_Init	16	static
../Core/Src/main.c:338:13:MX_GPIO_Init	40	static
../Core/Src/main.c:390:6:HAL_SPI_TxRxCpltCallback	16	static
../Core/Src/main.c:394:6:HAL_SPI_ErrorCallback	16	static
../Core/Src/main.c:398:5:_write	24	static
../Core/Src/main.c:404:5:_read	32	static
../Core/Src/main.c:427:6:Error_Handler	4	static,ignoring_inline_asm
